Component: ARM Compiler 5.06 update 7 (build 960) Tool: armlink [4d3601]

==============================================================================

Section Cross References

    startup_stm32f103xb.o(RESET) refers to startup_stm32f103xb.o(STACK) for __initial_sp
    startup_stm32f103xb.o(RESET) refers to startup_stm32f103xb.o(.text) for Reset_Handler
    startup_stm32f103xb.o(RESET) refers to stm32f1xx_it.o(i.NMI_Handler) for NMI_Handler
    startup_stm32f103xb.o(RESET) refers to stm32f1xx_it.o(i.HardFault_Handler) for HardFault_Handler
    startup_stm32f103xb.o(RESET) refers to stm32f1xx_it.o(i.MemManage_Handler) for MemManage_Handler
    startup_stm32f103xb.o(RESET) refers to stm32f1xx_it.o(i.BusFault_Handler) for BusFault_Handler
    startup_stm32f103xb.o(RESET) refers to stm32f1xx_it.o(i.UsageFault_Handler) for UsageFault_Handler
    startup_stm32f103xb.o(RESET) refers to stm32f1xx_it.o(i.SVC_Handler) for SVC_Handler
    startup_stm32f103xb.o(RESET) refers to stm32f1xx_it.o(i.DebugMon_Handler) for DebugMon_Handler
    startup_stm32f103xb.o(RESET) refers to stm32f1xx_it.o(i.PendSV_Handler) for PendSV_Handler
    startup_stm32f103xb.o(RESET) refers to stm32f1xx_it.o(i.SysTick_Handler) for SysTick_Handler
    startup_stm32f103xb.o(RESET) refers to stm32f1xx_it.o(i.EXTI9_5_IRQHandler) for EXTI9_5_IRQHandler
    startup_stm32f103xb.o(RESET) refers to stm32f1xx_it.o(i.USART1_IRQHandler) for USART1_IRQHandler
    startup_stm32f103xb.o(.text) refers to system_stm32f1xx.o(i.SystemInit) for SystemInit
    startup_stm32f103xb.o(.text) refers to entry.o(.ARM.Collect$$$$00000000) for __main
    main.o(i.SystemClock_Config) refers to memseta.o(.text) for __aeabi_memclr4
    main.o(i.SystemClock_Config) refers to stm32f1xx_hal_rcc.o(i.HAL_RCC_OscConfig) for HAL_RCC_OscConfig
    main.o(i.SystemClock_Config) refers to main.o(i.Error_Handler) for Error_Handler
    main.o(i.SystemClock_Config) refers to stm32f1xx_hal_rcc.o(i.HAL_RCC_ClockConfig) for HAL_RCC_ClockConfig
    main.o(i.main) refers to stm32f1xx_hal.o(i.HAL_Init) for HAL_Init
    main.o(i.main) refers to main.o(i.SystemClock_Config) for SystemClock_Config
    main.o(i.main) refers to gpio.o(i.MX_GPIO_Init) for MX_GPIO_Init
    main.o(i.main) refers to can.o(i.MX_CAN_Init) for MX_CAN_Init
    main.o(i.main) refers to spi.o(i.MX_SPI2_Init) for MX_SPI2_Init
    main.o(i.main) refers to usart.o(i.MX_USART1_UART_Init) for MX_USART1_UART_Init
    main.o(i.main) refers to oled.o(i.OLED_Fill) for OLED_Fill
    main.o(i.main) refers to oled.o(i.OLED_ShowString) for OLED_ShowString
    main.o(i.main) refers to delay.o(i.Delay_ms) for Delay_ms
    main.o(i.main) refers to serial.o(i.Serial_Init) for Serial_Init
    main.o(i.main) refers to printfa.o(i.__0printf) for __2printf
    main.o(i.main) refers to oled.o(i.OLED_Init) for OLED_Init
    main.o(i.main) refers to led.o(i.LED_On) for LED_On
    main.o(i.main) refers to ad7195.o(i.AD7195_Init) for AD7195_Init
    main.o(i.main) refers to ad_values.o(i.AD_Values_Init) for AD_Values_Init
    main.o(i.main) refers to ad7195.o(i.AD7195_Debug_Dump) for AD7195_Debug_Dump
    main.o(i.main) refers to scale_app.o(i.Scale_App_Init) for Scale_App_Init
    main.o(i.main) refers to oled_app.o(i.OLED_Update_Scale_UI) for OLED_Update_Scale_UI
    gpio.o(i.MX_GPIO_Init) refers to stm32f1xx_hal_gpio.o(i.HAL_GPIO_WritePin) for HAL_GPIO_WritePin
    gpio.o(i.MX_GPIO_Init) refers to stm32f1xx_hal_gpio.o(i.HAL_GPIO_Init) for HAL_GPIO_Init
    gpio.o(i.MX_GPIO_Init) refers to stm32f1xx_hal_cortex.o(i.HAL_NVIC_SetPriority) for HAL_NVIC_SetPriority
    gpio.o(i.MX_GPIO_Init) refers to stm32f1xx_hal_cortex.o(i.HAL_NVIC_EnableIRQ) for HAL_NVIC_EnableIRQ
    can.o(i.HAL_CAN_MspDeInit) refers to stm32f1xx_hal_gpio.o(i.HAL_GPIO_DeInit) for HAL_GPIO_DeInit
    can.o(i.HAL_CAN_MspInit) refers to stm32f1xx_hal_gpio.o(i.HAL_GPIO_Init) for HAL_GPIO_Init
    can.o(i.MX_CAN_Init) refers to stm32f1xx_hal_can.o(i.HAL_CAN_Init) for HAL_CAN_Init
    can.o(i.MX_CAN_Init) refers to main.o(i.Error_Handler) for Error_Handler
    can.o(i.MX_CAN_Init) refers to can.o(.bss) for hcan
    spi.o(i.HAL_SPI_MspDeInit) refers to stm32f1xx_hal_gpio.o(i.HAL_GPIO_DeInit) for HAL_GPIO_DeInit
    spi.o(i.HAL_SPI_MspInit) refers to stm32f1xx_hal_gpio.o(i.HAL_GPIO_Init) for HAL_GPIO_Init
    spi.o(i.MX_SPI2_Init) refers to stm32f1xx_hal_spi.o(i.HAL_SPI_Init) for HAL_SPI_Init
    spi.o(i.MX_SPI2_Init) refers to main.o(i.Error_Handler) for Error_Handler
    spi.o(i.MX_SPI2_Init) refers to spi.o(.bss) for hspi2
    usart.o(i.HAL_UART_MspDeInit) refers to stm32f1xx_hal_gpio.o(i.HAL_GPIO_DeInit) for HAL_GPIO_DeInit
    usart.o(i.HAL_UART_MspDeInit) refers to stm32f1xx_hal_cortex.o(i.HAL_NVIC_DisableIRQ) for HAL_NVIC_DisableIRQ
    usart.o(i.HAL_UART_MspInit) refers to stm32f1xx_hal_gpio.o(i.HAL_GPIO_Init) for HAL_GPIO_Init
    usart.o(i.HAL_UART_MspInit) refers to stm32f1xx_hal_cortex.o(i.HAL_NVIC_SetPriority) for HAL_NVIC_SetPriority
[...]
    Removing stm32f1xx_hal_spi.o(i.HAL_SPI_Receive_IT), (212 bytes).
    Removing stm32f1xx_hal_spi.o(i.HAL_SPI_RxCpltCallback), (2 bytes).
    Removing stm32f1xx_hal_spi.o(i.HAL_SPI_RxHalfCpltCallback), (2 bytes).
    Removing stm32f1xx_hal_spi.o(i.HAL_SPI_TransmitReceive_DMA), (356 bytes).
    Removing stm32f1xx_hal_spi.o(i.HAL_SPI_TransmitReceive_IT), (184 bytes).
    Removing stm32f1xx_hal_spi.o(i.HAL_SPI_Transmit_DMA), (252 bytes).
    Removing stm32f1xx_hal_spi.o(i.HAL_SPI_Transmit_IT), (176 bytes).
    Removing stm32f1xx_hal_spi.o(i.HAL_SPI_TxCpltCallback), (2 bytes).
    Removing stm32f1xx_hal_spi.o(i.HAL_SPI_TxHalfCpltCallback), (2 bytes).
    Removing stm32f1xx_hal_spi.o(i.HAL_SPI_TxRxCpltCallback), (2 bytes).
    Removing stm32f1xx_hal_spi.o(i.HAL_SPI_TxRxHalfCpltCallback), (2 bytes).
    Removing stm32f1xx_hal_spi.o(i.SPI_2linesRxISR_16BIT), (52 bytes).
    Removing stm32f1xx_hal_spi.o(i.SPI_2linesRxISR_8BIT), (52 bytes).
    Removing stm32f1xx_hal_spi.o(i.SPI_2linesTxISR_16BIT), (52 bytes).
    Removing stm32f1xx_hal_spi.o(i.SPI_2linesTxISR_8BIT), (52 bytes).
    Removing stm32f1xx_hal_spi.o(i.SPI_AbortRx_ISR), (112 bytes).
    Removing stm32f1xx_hal_spi.o(i.SPI_AbortTx_ISR), (32 bytes).
    Removing stm32f1xx_hal_spi.o(i.SPI_CloseRxTx_ISR), (188 bytes).
    Removing stm32f1xx_hal_spi.o(i.SPI_CloseRx_ISR), (94 bytes).
    Removing stm32f1xx_hal_spi.o(i.SPI_CloseTx_ISR), (160 bytes).
    Removing stm32f1xx_hal_spi.o(i.SPI_DMAAbortOnError), (20 bytes).
    Removing stm32f1xx_hal_spi.o(i.SPI_DMAError), (40 bytes).
    Removing stm32f1xx_hal_spi.o(i.SPI_DMAHalfReceiveCplt), (14 bytes).
    Removing stm32f1xx_hal_spi.o(i.SPI_DMAHalfTransmitCplt), (14 bytes).
    Removing stm32f1xx_hal_spi.o(i.SPI_DMAHalfTransmitReceiveCplt), (14 bytes).
    Removing stm32f1xx_hal_spi.o(i.SPI_DMAReceiveCplt), (122 bytes).
    Removing stm32f1xx_hal_spi.o(i.SPI_DMARxAbortCallback), (128 bytes).
    Removing stm32f1xx_hal_spi.o(i.SPI_DMATransmitCplt), (126 bytes).
    Removing stm32f1xx_hal_spi.o(i.SPI_DMATransmitReceiveCplt), (102 bytes).
    Removing stm32f1xx_hal_spi.o(i.SPI_DMATxAbortCallback), (156 bytes).
    Removing stm32f1xx_hal_spi.o(i.SPI_EndRxTransaction), (120 bytes).
    Removing stm32f1xx_hal_spi.o(i.SPI_RxISR_16BIT), (36 bytes).
    Removing stm32f1xx_hal_spi.o(i.SPI_RxISR_8BIT), (36 bytes).
    Removing stm32f1xx_hal_spi.o(i.SPI_TxISR_16BIT), (36 bytes).
    Removing stm32f1xx_hal_spi.o(i.SPI_TxISR_8BIT), (36 bytes).
    Removing stm32f1xx_hal_uart.o(.rev16_text), (4 bytes).
    Removing stm32f1xx_hal_uart.o(.revsh_text), (4 bytes).
    Removing stm32f1xx_hal_uart.o(.rrx_text), (6 bytes).
    Removing stm32f1xx_hal_uart.o(i.HAL_HalfDuplex_EnableReceiver), (68 bytes).
    Removing stm32f1xx_hal_uart.o(i.HAL_HalfDuplex_EnableTransmitter), (68 bytes).
    Removing stm32f1xx_hal_uart.o(i.HAL_HalfDuplex_Init), (122 bytes).
    Removing stm32f1xx_hal_uart.o(i.HAL_LIN_Init), (146 bytes).
    Removing stm32f1xx_hal_uart.o(i.HAL_LIN_SendBreak), (80 bytes).
    Removing stm32f1xx_hal_uart.o(i.HAL_MultiProcessor_EnterMuteMode), (82 bytes).
    Removing stm32f1xx_hal_uart.o(i.HAL_MultiProcessor_ExitMuteMode), (82 bytes).
    Removing stm32f1xx_hal_uart.o(i.HAL_MultiProcessor_Init), (158 bytes).
    Removing stm32f1xx_hal_uart.o(i.HAL_UARTEx_GetRxEventType), (6 bytes).
    Removing stm32f1xx_hal_uart.o(i.HAL_UARTEx_ReceiveToIdle), (296 bytes).
    Removing stm32f1xx_hal_uart.o(i.HAL_UARTEx_ReceiveToIdle_DMA), (112 bytes).
    Removing stm32f1xx_hal_uart.o(i.HAL_UARTEx_ReceiveToIdle_IT), (114 bytes).
    Removing stm32f1xx_hal_uart.o(i.HAL_UART_Abort), (278 bytes).
    Removing stm32f1xx_hal_uart.o(i.HAL_UART_AbortCpltCallback), (2 bytes).
    Removing stm32f1xx_hal_uart.o(i.HAL_UART_AbortReceive), (194 bytes).
    Removing stm32f1xx_hal_uart.o(i.HAL_UART_AbortReceiveCpltCallback), (2 bytes).
    Removing stm32f1xx_hal_uart.o(i.HAL_UART_AbortReceive_IT), (216 bytes).
    Removing stm32f1xx_hal_uart.o(i.HAL_UART_AbortTransmit), (124 bytes).
    Removing stm32f1xx_hal_uart.o(i.HAL_UART_AbortTransmitCpltCallback), (2 bytes).
    Removing stm32f1xx_hal_uart.o(i.HAL_UART_AbortTransmit_IT), (144 bytes).
    Removing stm32f1xx_hal_uart.o(i.HAL_UART_Abort_IT), (328 bytes).
    Removing stm32f1xx_hal_uart.o(i.HAL_UART_DMAPause), (166 bytes).
    Removing stm32f1xx_hal_uart.o(i.HAL_UART_DMAResume), (170 bytes).
    Removing stm32f1xx_hal_uart.o(i.HAL_UART_DMAStop), (138 bytes).
    Removing stm32f1xx_hal_uart.o(i.HAL_UART_DeInit), (62 bytes).
    Removing stm32f1xx_hal_uart.o(i.HAL_UART_GetError), (6 bytes).
    Removing stm32f1xx_hal_uart.o(i.HAL_UART_GetState), (20 bytes).
    Removing stm32f1xx_hal_uart.o(i.HAL_UART_MspDeInit), (2 bytes).
    Removing stm32f1xx_hal_uart.o(i.HAL_UART_MspInit), (2 bytes).
    Removing stm32f1xx_hal_uart.o(i.HAL_UART_Receive), (194 bytes).
    Removing stm32f1xx_hal_uart.o(i.HAL_UART_Receive_DMA), (44 bytes).
    Removing stm32f1xx_hal_uart.o(i.HAL_UART_RxCpltCallback), (2 bytes).
    Removing stm32f1xx_hal_uart.o(i.HAL_UART_RxHalfCpltCallback), (2 bytes).
    Removing stm32f1xx_hal_uart.o(i.HAL_UART_Transmit_DMA), (140 bytes).
    Removing stm32f1xx_hal_uart.o(i.HAL_UART_Transmit_IT), (56 bytes).
    Removing stm32f1xx_hal_uart.o(i.HAL_UART_TxHalfCpltCallback), (2 bytes).
    Removing stm32f1xx_hal_uart.o(i.UART_DMAError), (80 bytes).
    Removing stm32f1xx_hal_uart.o(i.UART_DMAReceiveCplt), (180 bytes).
    Removing stm32f1xx_hal_uart.o(i.UART_DMARxAbortCallback), (56 bytes).
    Removing stm32f1xx_hal_uart.o(i.UART_DMARxHalfCplt), (36 bytes).
    Removing stm32f1xx_hal_uart.o(i.UART_DMARxOnlyAbortCallback), (28 bytes).
    Removing stm32f1xx_hal_uart.o(i.UART_DMATransmitCplt), (88 bytes).
    Removing stm32f1xx_hal_uart.o(i.UART_DMATxAbortCallback), (56 bytes).
    Removing stm32f1xx_hal_uart.o(i.UART_DMATxHalfCplt), (14 bytes).
    Removing stm32f1xx_hal_uart.o(i.UART_DMATxOnlyAbortCallback), (24 bytes).
    Removing stm32f1xx_hal_uart.o(i.UART_EndTxTransfer), (38 bytes).
    Removing stm32f1xx_hal_uart.o(i.UART_Start_Receive_DMA), (200 bytes).
    Removing system_stm32f1xx.o(.rev16_text), (4 bytes).
    Removing system_stm32f1xx.o(.revsh_text), (4 bytes).
    Removing system_stm32f1xx.o(.rrx_text), (6 bytes).
    Removing system_stm32f1xx.o(i.SystemCoreClockUpdate), (172 bytes).
    Removing oled_app.o(.rev16_text), (4 bytes).
    Removing oled_app.o(.revsh_text), (4 bytes).
    Removing oled_app.o(.rrx_text), (6 bytes).
    Removing oled_app.o(i.OLED_Show_Test), (112 bytes).
    Removing ad_spi.o(.rev16_text), (4 bytes).
    Removing ad_spi.o(.revsh_text), (4 bytes).
    Removing ad_spi.o(.rrx_text), (6 bytes).
    Removing ad7195.o(.rev16_text), (4 bytes).
    Removing ad7195.o(.revsh_text), (4 bytes).
    Removing ad7195.o(.rrx_text), (6 bytes).
    Removing ad7195.o(i.AD7195_ContinuousReadAvg), (112 bytes).
    Removing ad7195.o(i.AD7195_GetConfig), (14 bytes).
    Removing ad7195.o(i.AD7195_GetFullScale), (14 bytes).
    Removing ad7195.o(i.AD7195_GetGPOCON), (14 bytes).
    Removing ad7195.o(i.AD7195_GetID), (14 bytes).
    Removing ad7195.o(i.AD7195_GetMode), (14 bytes).
    Removing ad7195.o(i.AD7195_GetOffset), (14 bytes).
    Removing ad7195.o(i.AD7195_GetStatus), (14 bytes).
    Removing ad7195.o(i.AD7195_RangeSetup), (72 bytes).
    Removing ad7195.o(i.AD7195_SetPower), (46 bytes).
    Removing ad7195.o(i.AD7195_SingleConversion), (84 bytes).
    Removing ad_values.o(.rev16_text), (4 bytes).
    Removing ad_values.o(.revsh_text), (4 bytes).
    Removing ad_values.o(.rrx_text), (6 bytes).
    Removing ad_values.o(i.AD_Filter_Process), (256 bytes).
    Removing ad_values.o(i.AD_Get_FilteredValue), (18 bytes).
    Removing scale_app.o(.rev16_text), (4 bytes).
    Removing scale_app.o(.revsh_text), (4 bytes).
    Removing scale_app.o(.rrx_text), (6 bytes).
    Removing scale_app.o(i.Convert_ADC_To_Weight), (140 bytes).
    Removing scale_app.o(i.Scale_Calibrate_Full), (96 bytes).
    Removing scale_app.o(i.Scale_Calibrate_Zero), (80 bytes).
    Removing scale_app.o(i.Scale_Clear_Tare), (12 bytes).
    Removing scale_app.o(i.Scale_Get_Gross_Weight), (16 bytes).
    Removing scale_app.o(i.Scale_Get_Net_Weight), (24 bytes).
    Removing scale_app.o(i.Scale_Tare), (28 bytes).
    Removing scale_app.o(i.Scale_Zeroing), (28 bytes).
    Removing serial.o(.rev16_text), (4 bytes).
    Removing serial.o(.revsh_text), (4 bytes).
    Removing serial.o(.rrx_text), (6 bytes).
    Removing serial.o(i.Serial_ClearRxBuffer), (20 bytes).
    Removing serial.o(i.Serial_SendString), (36 bytes).
    Removing delay.o(.rev16_text), (4 bytes).
    Removing delay.o(.revsh_text), (4 bytes).
    Removing delay.o(.rrx_text), (6 bytes).
    Removing delay.o(i.Delay_s), (24 bytes).
    Removing delay.o(i.Delay_us), (80 bytes).
    Removing oled.o(.rev16_text), (4 bytes).
    Removing oled.o(.revsh_text), (4 bytes).
    Removing oled.o(.rrx_text), (6 bytes).
    Removing oled.o(i.OLED_DrawBMP), (166 bytes).
    Removing oled.o(i.OLED_DrawSingleBMP), (224 bytes).
    Removing oled.o(i.OLED_ShowNum), (148 bytes).
    Removing oled.o(i.oled_pow), (22 bytes).
    Removing led.o(.rev16_text), (4 bytes).
    Removing led.o(.revsh_text), (4 bytes).
    Removing led.o(.rrx_text), (6 bytes).
    Removing led.o(i.LED_Off), (28 bytes).
    Removing led.o(i.LED_Status), (12 bytes).
    Removing button.o(.rev16_text), (4 bytes).
    Removing button.o(.revsh_text), (4 bytes).
    Removing button.o(.rrx_text), (6 bytes).
    Removing dflti.o(.text), (34 bytes).
    Removing cdcmple.o(.text), (48 bytes).

386 unused section(s) (total 23504 bytes) removed from the image.

==============================================================================

Image Symbol Table

    Local Symbols

    Symbol Name                              Value     Ov Type        Size  Object(Section)

    ../Core/Src/can.c                        0x00000000   Number         0  can.o ABSOLUTE
    ../Core/Src/gpio.c                       0x00000000   Number         0  gpio.o ABSOLUTE
    ../Core/Src/main.c                       0x00000000   Number         0  main.o ABSOLUTE
    ../Core/Src/spi.c                        0x00000000   Number         0  spi.o ABSOLUTE
    ../Core/Src/stm32f1xx_hal_msp.c          0x00000000   Number         0  stm32f1xx_hal_msp.o ABSOLUTE
    ../Core/Src/stm32f1xx_it.c               0x00000000   Number         0  stm32f1xx_it.o ABSOLUTE
    ../Core/Src/system_stm32f1xx.c           0x00000000   Number         0  system_stm32f1xx.o ABSOLUTE
    ../Core/Src/usart.c                      0x00000000   Number         0  usart.o ABSOLUTE
    ../Drivers/STM32F1xx_HAL_Driver/Src/stm32f1xx_hal.c 0x00000000   Number         0  stm32f1xx_hal.o ABSOLUTE
    ../Drivers/STM32F1xx_HAL_Driver/Src/stm32f1xx_hal_can.c 0x00000000   Number         0  stm32f1xx_hal_can.o ABSOLUTE
    ../Drivers/STM32F1xx_HAL_Driver/Src/stm32f1xx_hal_cortex.c 0x00000000   Number         0  stm32f1xx_hal_cortex.o ABSOLUTE
    ../Drivers/STM32F1xx_HAL_Driver/Src/stm32f1xx_hal_dma.c 0x00000000   Number         0  stm32f1xx_hal_dma.o ABSOLUTE
    ../Drivers/STM32F1xx_HAL_Driver/Src/stm32f1xx_hal_exti.c 0x00000000   Number         0  stm32f1xx_hal_exti.o ABSOLUTE
    ../Drivers/STM32F1xx_HAL_Driver/Src/stm32f1xx_hal_flash.c 0x00000000   Number         0  stm32f1xx_hal_flash.o ABSOLUTE
    ../Drivers/STM32F1xx_HAL_Driver/Src/stm32f1xx_hal_flash_ex.c 0x00000000   Number         0  stm32f1xx_hal_flash_ex.o ABSOLUTE
    ../Drivers/STM32F1xx_HAL_Driver/Src/stm32f1xx_hal_gpio.c 0x00000000   Number         0  stm32f1xx_hal_gpio.o ABSOLUTE
    ../Drivers/STM32F1xx_HAL_Driver/Src/stm32f1xx_hal_gpio_ex.c 0x00000000   Number         0  stm32f1xx_hal_gpio_ex.o ABSOLUTE
    ../Drivers/STM32F1xx_HAL_Driver/Src/stm32f1xx_hal_pwr.c 0x00000000   Number         0  stm32f1xx_hal_pwr.o ABSOLUTE
    ../Drivers/STM32F1xx_HAL_Driver/Src/stm32f1xx_hal_rcc.c 0x00000000   Number         0  stm32f1xx_hal_rcc.o ABSOLUTE
    ../Drivers/STM32F1xx_HAL_Driver/Src/stm32f1xx_hal_rcc_ex.c 0x00000000   Number         0  stm32f1xx_hal_rcc_ex.o ABSOLUTE
    ../Drivers/STM32F1xx_HAL_Driver/Src/stm32f1xx_hal_spi.c 0x00000000   Number         0  stm32f1xx_hal_spi.o ABSOLUTE
    ../Drivers/STM32F1xx_HAL_Driver/Src/stm32f1xx_hal_uart.c 0x00000000   Number         0  stm32f1xx_hal_uart.o ABSOLUTE
    ../clib/microlib/division.c              0x00000000   Number         0  uldiv.o ABSOLUTE
    ../clib/microlib/division.c              0x00000000   Number         0  uidiv.o ABSOLUTE
    ../clib/microlib/division.c              0x00000000   Number         0  ldiv.o ABSOLUTE
    ../clib/microlib/init/entry.s            0x00000000   Number         0  entry8b.o ABSOLUTE
    ../clib/microlib/init/entry.s            0x00000000   Number         0  entry5.o ABSOLUTE
    ../clib/microlib/init/entry.s            0x00000000   Number         0  entry7a.o ABSOLUTE
    ../clib/microlib/init/entry.s            0x00000000   Number         0  entry9b.o ABSOLUTE
    ../clib/microlib/init/entry.s            0x00000000   Number         0  entry2.o ABSOLUTE
    ../clib/microlib/init/entry.s            0x00000000   Number         0  entry10a.o ABSOLUTE
    ../clib/microlib/init/entry.s            0x00000000   Number         0  entry12b.o ABSOLUTE
    ../clib/microlib/init/entry.s            0x00000000   Number         0  entry10b.o ABSOLUTE
    ../clib/microlib/init/entry.s            0x00000000   Number         0  entry8a.o ABSOLUTE
    ../clib/microlib/init/entry.s            0x00000000   Number         0  entry11a.o ABSOLUTE
    ../clib/microlib/init/entry.s            0x00000000   Number         0  entry.o ABSOLUTE
    ../clib/microlib/init/entry.s            0x00000000   Number         0  entry9a.o ABSOLUTE
    ../clib/microlib/init/entry.s            0x00000000   Number         0  entry11b.o ABSOLUTE
    ../clib/microlib/init/entry.s            0x00000000   Number         0  entry7b.o ABSOLUTE
    ../clib/microlib/init/entry.s            0x00000000   Number         0  entry12a.o ABSOLUTE
    ../clib/microlib/longlong.c              0x00000000   Number         0  llsshr.o ABSOLUTE
    ../clib/microlib/longlong.c              0x00000000   Number         0  llushr.o ABSOLUTE
    ../clib/microlib/longlong.c              0x00000000   Number         0  llshl.o ABSOLUTE
    ../clib/microlib/printf/printf.c         0x00000000   Number         0  printf3.o ABSOLUTE
    ../clib/microlib/printf/printf.c         0x00000000   Number         0  printf2.o ABSOLUTE
    ../clib/microlib/printf/printf.c         0x00000000   Number         0  printfa.o ABSOLUTE
    ../clib/microlib/printf/printf.c         0x00000000   Number         0  printf8.o ABSOLUTE
    ../clib/microlib/printf/printf.c         0x00000000   Number         0  printf7.o ABSOLUTE
    ../clib/microlib/printf/printf.c         0x00000000   Number         0  printf1.o ABSOLUTE
    ../clib/microlib/printf/printf.c         0x00000000   Number         0  printf6.o ABSOLUTE
    ../clib/microlib/printf/printf.c         0x00000000   Number         0  printfb.o ABSOLUTE
    ../clib/microlib/printf/printf.c         0x00000000   Number         0  printf5.o ABSOLUTE
    ../clib/microlib/printf/printf.c         0x00000000   Number         0  printf0.o ABSOLUTE
    ../clib/microlib/printf/printf.c         0x00000000   Number         0  printf4.o ABSOLUTE
    ../clib/microlib/printf/stubs.s          0x00000000   Number         0  stubs.o ABSOLUTE
    ../clib/microlib/stdio/streams.c         0x00000000   Number         0  stdout.o ABSOLUTE
    ../clib/microlib/string/memset.c         0x00000000   Number         0  memseta.o ABSOLUTE
    ../clib/microlib/stubs.s                 0x00000000   Number         0  iusefp.o ABSOLUTE
    ../fplib/microlib/f2d.c                  0x00000000   Number         0  f2d.o ABSOLUTE
    ../fplib/microlib/fpadd.c                0x00000000   Number         0  dadd.o ABSOLUTE
    ../fplib/microlib/fpdiv.c                0x00000000   Number         0  ddiv.o ABSOLUTE
    ../fplib/microlib/fpepilogue.c           0x00000000   Number         0  depilogue.o ABSOLUTE
    ../fplib/microlib/fpfix.c                0x00000000   Number         0  dfixul.o ABSOLUTE
    ../fplib/microlib/fpflt.c                0x00000000   Number         0  dflti.o ABSOLUTE
    ../fplib/microlib/fpmul.c                0x00000000   Number         0  dmul.o ABSOLUTE
    ..\AD\AD7195.c                           0x00000000   Number         0  ad7195.o ABSOLUTE
    ..\AD\ad_spi.c                           0x00000000   Number         0  ad_spi.o ABSOLUTE
    ..\AD\ad_values.c                        0x00000000   Number         0  ad_values.o ABSOLUTE
    ..\AD\scale_app.c                        0x00000000   Number         0  scale_app.o ABSOLUTE
    ..\CAN\can.c                             0x00000000   Number         0  can_1.o ABSOLUTE
    ..\Core\Src\can.c                        0x00000000   Number         0  can.o ABSOLUTE
    ..\Core\Src\gpio.c                       0x00000000   Number         0  gpio.o ABSOLUTE
    ..\Core\Src\main.c                       0x00000000   Number         0  main.o ABSOLUTE
    ..\Core\Src\spi.c                        0x00000000   Number         0  spi.o ABSOLUTE
    ..\Core\Src\stm32f1xx_hal_msp.c          0x00000000   Number         0  stm32f1xx_hal_msp.o ABSOLUTE
    ..\Core\Src\stm32f1xx_it.c               0x00000000   Number         0  stm32f1xx_it.o ABSOLUTE
    ..\Core\Src\system_stm32f1xx.c           0x00000000   Number         0  system_stm32f1xx.o ABSOLUTE
    ..\Core\Src\usart.c                      0x00000000   Number         0  usart.o ABSOLUTE
    ..\Data&app\Oled_app.c                   0x00000000   Number         0  oled_app.o ABSOLUTE
    ..\Data&app\scale_info.c                 0x00000000   Number         0  scale_info.o ABSOLUTE
    ..\Drivers\STM32F1xx_HAL_Driver\Src\stm32f1xx_hal.c 0x00000000   Number         0  stm32f1xx_hal.o ABSOLUTE
    ..\Drivers\STM32F1xx_HAL_Driver\Src\stm32f1xx_hal_can.c 0x00000000   Number         0  stm32f1xx_hal_can.o ABSOLUTE
    ..\Drivers\STM32F1xx_HAL_Driver\Src\stm32f1xx_hal_cortex.c 0x00000000   Number         0  stm32f1xx_hal_cortex.o ABSOLUTE
    ..\Drivers\STM32F1xx_HAL_Driver\Src\stm32f1xx_hal_dma.c 0x00000000   Number         0  stm32f1xx_hal_dma.o ABSOLUTE
    ..\Drivers\STM32F1xx_HAL_Driver\Src\stm32f1xx_hal_exti.c 0x00000000   Number         0  stm32f1xx_hal_exti.o ABSOLUTE
    ..\Drivers\STM32F1xx_HAL_Driver\Src\stm32f1xx_hal_flash.c 0x00000000   Number         0  stm32f1xx_hal_flash.o ABSOLUTE
    ..\Drivers\STM32F1xx_HAL_Driver\Src\stm32f1xx_hal_flash_ex.c 0x00000000   Number         0  stm32f1xx_hal_flash_ex.o ABSOLUTE
    ..\Drivers\STM32F1xx_HAL_Driver\Src\stm32f1xx_hal_gpio.c 0x00000000   Number         0  stm32f1xx_hal_gpio.o ABSOLUTE
    ..\Drivers\STM32F1xx_HAL_Driver\Src\stm32f1xx_hal_gpio_ex.c 0x00000000   Number         0  stm32f1xx_hal_gpio_ex.o ABSOLUTE
    ..\Drivers\STM32F1xx_HAL_Driver\Src\stm32f1xx_hal_pwr.c 0x00000000   Number         0  stm32f1xx_hal_pwr.o ABSOLUTE
    ..\Drivers\STM32F1xx_HAL_Driver\Src\stm32f1xx_hal_rcc.c 0x00000000   Number         0  stm32f1xx_hal_rcc.o ABSOLUTE
    ..\Drivers\STM32F1xx_HAL_Driver\Src\stm32f1xx_hal_rcc_ex.c 0x00000000   Number         0  stm32f1xx_hal_rcc_ex.o ABSOLUTE
    ..\Drivers\STM32F1xx_HAL_Driver\Src\stm32f1xx_hal_spi.c 0x00000000   Number         0  stm32f1xx_hal_spi.o ABSOLUTE
    ..\Drivers\STM32F1xx_HAL_Driver\Src\stm32f1xx_hal_uart.c 0x00000000   Number         0  stm32f1xx_hal_uart.o ABSOLUTE
    ..\Flash\flash.c                         0x00000000   Number         0  flash.o ABSOLUTE
    ..\Hardware\Button.c                     0x00000000   Number         0  button.o ABSOLUTE
    ..\Hardware\Led.c                        0x00000000   Number         0  led.o ABSOLUTE
    ..\Hardware\Oled.c                       0x00000000   Number         0  oled.o ABSOLUTE
    ..\System\delay.c                        0x00000000   Number         0  delay.o ABSOLUTE
    ..\Transmission\Serial.c                 0x00000000   Number         0  serial.o ABSOLUTE
    ..\\AD\\AD7195.c                         0x00000000   Number         0  ad7195.o ABSOLUTE
    ..\\AD\\ad_spi.c                         0x00000000   Number         0  ad_spi.o ABSOLUTE
    ..\\AD\\ad_values.c                      0x00000000   Number         0  ad_values.o ABSOLUTE
    ..\\AD\\scale_app.c                      0x00000000   Number         0  scale_app.o ABSOLUTE
    ..\\Data&app\\Oled_app.c                 0x00000000   Number         0  oled_app.o ABSOLUTE
    ..\\Hardware\\Button.c                   0x00000000   Number         0  button.o ABSOLUTE
    ..\\Hardware\\Led.c                      0x00000000   Number         0  led.o ABSOLUTE
    ..\\Hardware\\Oled.c                     0x00000000   Number         0  oled.o ABSOLUTE
    ..\\System\\delay.c                      0x00000000   Number         0  delay.o ABSOLUTE
    ..\\Transmission\\Serial.c               0x00000000   Number         0  serial.o ABSOLUTE
    cdcmple.s                                0x00000000   Number         0  cdcmple.o ABSOLUTE
    cdrcmple.s                               0x00000000   Number         0  cdrcmple.o ABSOLUTE
    cfcmple.s                                0x00000000   Number         0  cfcmple.o ABSOLUTE
    dc.s                                     0x00000000   Number         0  dc.o ABSOLUTE
    handlers.s                               0x00000000   Number         0  handlers.o ABSOLUTE
    init.s                                   0x00000000   Number         0  init.o ABSOLUTE
    startup_stm32f103xb.s                    0x00000000   Number         0  startup_stm32f103xb.o ABSOLUTE
    RESET                                    0x08000000   Section      236  startup_stm32f103xb.o(RESET)
    .ARM.Collect$$$$00000000                 0x080000ec   Section        0  entry.o(.ARM.Collect$$$$00000000)
    .ARM.Collect$$$$00000001                 0x080000ec   Section        4  entry2.o(.ARM.Collect$$$$00000001)
    .ARM.Collect$$$$00000004                 0x080000f0   Section        4  entry5.o(.ARM.Collect$$$$00000004)
    .ARM.Collect$$$$00000008                 0x080000f4   Section        0  entry7b.o(.ARM.Collect$$$$00000008)
    .ARM.Collect$$$$0000000A                 0x080000f4   Section        0  entry8b.o(.ARM.Collect$$$$0000000A)
    .ARM.Collect$$$$0000000B                 0x080000f4   Section        8  entry9a.o(.ARM.Collect$$$$0000000B)
    .ARM.Collect$$$$0000000E                 0x080000fc   Section        4  entry12b.o(.ARM.Collect$$$$0000000E)
    .ARM.Collect$$$$0000000F                 0x08000100   Section        0  entry10a.o(.ARM.Collect$$$$0000000F)
    .ARM.Collect$$$$00000011                 0x08000100   Section        0  entry11a.o(.ARM.Collect$$$$00000011)
    .ARM.Collect$$$$00002712                 0x08000100   Section        4  entry2.o(.ARM.Collect$$$$00002712)
    __lit__00000000                          0x08000100   Data           4  entry2.o(.ARM.Collect$$$$00002712)
    .text                                    0x08000104   Section       36  startup_stm32f103xb.o(.text)
    .text                                    0x08000128   Section        0  llushr.o(.text)
    .text                                    0x08000148   Section        0  memseta.o(.text)
    .text                                    0x0800016c   Section        0  dmul.o(.text)
    .text                                    0x08000250   Section        0  ddiv.o(.text)
    .text                                    0x0800032e   Section        0  f2d.o(.text)
    .text                                    0x08000354   Section       48  cdrcmple.o(.text)
    .text                                    0x08000384   Section       20  cfcmple.o(.text)
    .text                                    0x08000398   Section        0  uidiv.o(.text)
    .text                                    0x080003c4   Section        0  uldiv.o(.text)
    .text                                    0x08000426   Section        0  depilogue.o(.text)
    .text                                    0x08000426   Section        0  iusefp.o(.text)
    .text                                    0x080004e0   Section        0  dadd.o(.text)
    .text                                    0x0800062e   Section        0  dfixul.o(.text)
    .text                                    0x08000660   Section       36  init.o(.text)
    .text                                    0x08000684   Section        0  llshl.o(.text)
    .text                                    0x080006a2   Section        0  llsshr.o(.text)
    i.AD7195_Calibrate                       0x080006c8   Section        0  ad7195.o(i.AD7195_Calibrate)
    i.AD7195_ChannelSelect                   0x08000720   Section        0  ad7195.o(i.AD7195_ChannelSelect)
    i.AD7195_CheckBaseValtage                0x0800074c   Section        0  ad7195.o(i.AD7195_CheckBaseValtage)
    i.AD7195_Config_Init                     0x080007e4   Section        0  ad7195.o(i.AD7195_Config_Init)
    i.AD7195_Debug_Dump                      0x08000810   Section        0  ad7195.o(i.AD7195_Debug_Dump)
    i.AD7195_GetRegisterValue                0x080008f8   Section        0  ad7195.o(i.AD7195_GetRegisterValue)
    i.AD7195_Init                            0x08000950   Section        0  ad7195.o(i.AD7195_Init)
    i.AD7195_Reset                           0x08000a4c   Section        0  ad7195.o(i.AD7195_Reset)
    i.AD7195_SetRegisterValue                0x08000a70   Section        0  ad7195.o(i.AD7195_SetRegisterValue)
    i.AD7195_WaitRdyGoLow                    0x08000ac0   Section        0  ad7195.o(i.AD7195_WaitRdyGoLow)
    i.AD_Filter_Reset                        0x08000b0c   Section        0  ad_values.o(i.AD_Filter_Reset)
    i.AD_SPI_Init                            0x08000b44   Section        0  ad_spi.o(i.AD_SPI_Init)
    i.AD_SPI_Read                            0x08000b58   Section        0  ad_spi.o(i.AD_SPI_Read)
    i.AD_SPI_Write                           0x08000ba0   Section        0  ad_spi.o(i.AD_SPI_Write)
    i.AD_Values_Init                         0x08000be8   Section        0  ad_values.o(i.AD_Values_Init)
    i.BusFault_Handler                       0x08000bf0   Section        0  stm32f1xx_it.o(i.BusFault_Handler)
    i.Column_Address                         0x08000bf4   Section        0  oled.o(i.Column_Address)
    i.DebugMon_Handler                       0x08000c16   Section        0  stm32f1xx_it.o(i.DebugMon_Handler)
    i.Delay_ms                               0x08000c18   Section        0  delay.o(i.Delay_ms)
    i.EXTI9_5_IRQHandler                     0x08000c24   Section        0  stm32f1xx_it.o(i.EXTI9_5_IRQHandler)
    i.Error_Handler                          0x08000c2e   Section        0  main.o(i.Error_Handler)
    i.HAL_CAN_Init                           0x08000c34   Section        0  stm32f1xx_hal_can.o(i.HAL_CAN_Init)
    i.HAL_CAN_MspInit                        0x08000da8   Section        0  can.o(i.HAL_CAN_MspInit)
    i.HAL_DMA_Abort                          0x08000e30   Section        0  stm32f1xx_hal_dma.o(i.HAL_DMA_Abort)
    i.HAL_DMA_Abort_IT                       0x08000e88   Section        0  stm32f1xx_hal_dma.o(i.HAL_DMA_Abort_IT)
    i.HAL_Delay                              0x08000f38   Section        0  stm32f1xx_hal.o(i.HAL_Delay)
    i.HAL_GPIO_EXTI_Callback                 0x08000f60   Section        0  button.o(i.HAL_GPIO_EXTI_Callback)
    i.HAL_GPIO_EXTI_IRQHandler               0x08000f90   Section        0  stm32f1xx_hal_gpio.o(i.HAL_GPIO_EXTI_IRQHandler)
    i.HAL_GPIO_Init                          0x08000fac   Section        0  stm32f1xx_hal_gpio.o(i.HAL_GPIO_Init)
    i.HAL_GPIO_ReadPin                       0x080012cc   Section        0  stm32f1xx_hal_gpio.o(i.HAL_GPIO_ReadPin)
    i.HAL_GPIO_WritePin                      0x080012dc   Section        0  stm32f1xx_hal_gpio.o(i.HAL_GPIO_WritePin)
    i.HAL_GetTick                            0x080012e8   Section        0  stm32f1xx_hal.o(i.HAL_GetTick)
    i.HAL_IncTick                            0x080012f4   Section        0  stm32f1xx_hal.o(i.HAL_IncTick)
    i.HAL_Init                               0x0800130c   Section        0  stm32f1xx_hal.o(i.HAL_Init)
    i.HAL_InitTick                           0x08001334   Section        0  stm32f1xx_hal.o(i.HAL_InitTick)
    i.HAL_MspInit                            0x08001380   Section        0  stm32f1xx_hal_msp.o(i.HAL_MspInit)
    i.HAL_NVIC_EnableIRQ                     0x080013d4   Section        0  stm32f1xx_hal_cortex.o(i.HAL_NVIC_EnableIRQ)
    i.HAL_NVIC_SetPriority                   0x080013f4   Section        0  stm32f1xx_hal_cortex.o(i.HAL_NVIC_SetPriority)
    i.HAL_NVIC_SetPriorityGrouping           0x08001470   Section        0  stm32f1xx_hal_cortex.o(i.HAL_NVIC_SetPriorityGrouping)
    i.HAL_RCC_ClockConfig                    0x08001498   Section        0  stm32f1xx_hal_rcc.o(i.HAL_RCC_ClockConfig)
    i.HAL_RCC_GetHCLKFreq                    0x08001624   Section        0  stm32f1xx_hal_rcc.o(i.HAL_RCC_GetHCLKFreq)
    i.HAL_RCC_GetPCLK1Freq                   0x08001630   Section        0  stm32f1xx_hal_rcc.o(i.HAL_RCC_GetPCLK1Freq)
    i.HAL_RCC_GetPCLK2Freq                   0x08001650   Section        0  stm32f1xx_hal_rcc.o(i.HAL_RCC_GetPCLK2Freq)
    i.HAL_RCC_GetSysClockFreq                0x08001670   Section        0  stm32f1xx_hal_rcc.o(i.HAL_RCC_GetSysClockFreq)
    i.HAL_RCC_OscConfig                      0x080016e4   Section        0  stm32f1xx_hal_rcc.o(i.HAL_RCC_OscConfig)
    i.HAL_SPI_Init                           0x08001b48   Section        0  stm32f1xx_hal_spi.o(i.HAL_SPI_Init)
    i.HAL_SPI_MspInit                        0x08001c08   Section        0  spi.o(i.HAL_SPI_MspInit)
    i.HAL_SPI_Transmit                       0x08001c90   Section        0  stm32f1xx_hal_spi.o(i.HAL_SPI_Transmit)
    i.HAL_SPI_TransmitReceive                0x08001e4e   Section        0  stm32f1xx_hal_spi.o(i.HAL_SPI_TransmitReceive)
    i.HAL_SYSTICK_Config                     0x08002096   Section        0  stm32f1xx_hal_cortex.o(i.HAL_SYSTICK_Config)
    i.HAL_UARTEx_RxEventCallback             0x080020ca   Section        0  stm32f1xx_hal_uart.o(i.HAL_UARTEx_RxEventCallback)
    i.HAL_UART_ErrorCallback                 0x080020cc   Section        0  stm32f1xx_hal_uart.o(i.HAL_UART_ErrorCallback)
    i.HAL_UART_IRQHandler                    0x080020d0   Section        0  stm32f1xx_hal_uart.o(i.HAL_UART_IRQHandler)
    i.HAL_UART_Init                          0x080023b4   Section        0  stm32f1xx_hal_uart.o(i.HAL_UART_Init)
    i.HAL_UART_MspInit                       0x0800242c   Section        0  usart.o(i.HAL_UART_MspInit)
    i.HAL_UART_Receive_IT                    0x080024c4   Section        0  stm32f1xx_hal_uart.o(i.HAL_UART_Receive_IT)
    i.HAL_UART_RxCpltCallback                0x080024f0   Section        0  serial.o(i.HAL_UART_RxCpltCallback)
    i.HAL_UART_Transmit                      0x0800255c   Section        0  stm32f1xx_hal_uart.o(i.HAL_UART_Transmit)
    i.HAL_UART_TxCpltCallback                0x0800261a   Section        0  stm32f1xx_hal_uart.o(i.HAL_UART_TxCpltCallback)
    i.HardFault_Handler                      0x0800261c   Section        0  stm32f1xx_it.o(i.HardFault_Handler)
    i.LED_On                                 0x08002620   Section        0  led.o(i.LED_On)
    i.MX_CAN_Init                            0x0800263c   Section        0  can.o(i.MX_CAN_Init)
    i.MX_GPIO_Init                           0x08002674   Section        0  gpio.o(i.MX_GPIO_Init)
    i.MX_SPI2_Init                           0x0800279c   Section        0  spi.o(i.MX_SPI2_Init)
    i.MX_USART1_UART_Init                    0x080027e4   Section        0  usart.o(i.MX_USART1_UART_Init)
    i.MemManage_Handler                      0x0800281c   Section        0  stm32f1xx_it.o(i.MemManage_Handler)
    i.NMI_Handler                            0x08002820   Section        0  stm32f1xx_it.o(i.NMI_Handler)
    i.OLED_Fill                              0x08002824   Section        0  oled.o(i.OLED_Fill)
    i.OLED_Init                              0x08002894   Section        0  oled.o(i.OLED_Init)
    i.OLED_ShowChar                          0x080029a8   Section        0  oled.o(i.OLED_ShowChar)
    i.OLED_ShowChinese                       0x08002b10   Section        0  oled.o(i.OLED_ShowChinese)
    i.OLED_ShowChinese12x12                  0x08002b84   Section        0  oled.o(i.OLED_ShowChinese12x12)
    i.OLED_ShowChinese16x16                  0x08002cf0   Section        0  oled.o(i.OLED_ShowChinese16x16)
    i.OLED_ShowChinese24x24                  0x08002e28   Section        0  oled.o(i.OLED_ShowChinese24x24)
    i.OLED_ShowChinese32x32                  0x08002f70   Section        0  oled.o(i.OLED_ShowChinese32x32)
    i.OLED_ShowString                        0x080030a8   Section        0  oled.o(i.OLED_ShowString)
    i.OLED_Update_Scale_UI                   0x080030e4   Section        0  oled_app.o(i.OLED_Update_Scale_UI)
    i.OLED_WR_Bus                            0x08003514   Section        0  oled.o(i.OLED_WR_Bus)
    i.OLED_WR_Byte                           0x08003578   Section        0  oled.o(i.OLED_WR_Byte)
    i.OLED_WR_REG                            0x08003584   Section        0  oled.o(i.OLED_WR_REG)
    i.PendSV_Handler                         0x080035a8   Section        0  stm32f1xx_it.o(i.PendSV_Handler)
    i.RCC_Delay                              0x080035ac   Section        0  stm32f1xx_hal_rcc.o(i.RCC_Delay)
    RCC_Delay                                0x080035ad   Thumb Code    36  stm32f1xx_hal_rcc.o(i.RCC_Delay)
    i.Row_Address                            0x080035d4   Section        0  oled.o(i.Row_Address)
    i.SPI_EndRxTxTransaction                 0x080035f4   Section        0  stm32f1xx_hal_spi.o(i.SPI_EndRxTxTransaction)
    SPI_EndRxTxTransaction                   0x080035f5   Thumb Code    68  stm32f1xx_hal_spi.o(i.SPI_EndRxTxTransaction)
    i.SPI_WaitFlagStateUntilTimeout          0x08003638   Section        0  stm32f1xx_hal_spi.o(i.SPI_WaitFlagStateUntilTimeout)
    SPI_WaitFlagStateUntilTimeout            0x08003639   Thumb Code   210  stm32f1xx_hal_spi.o(i.SPI_WaitFlagStateUntilTimeout)
    i.SVC_Handler                            0x08003710   Section        0  stm32f1xx_it.o(i.SVC_Handler)
    i.Scale_App_Init                         0x08003714   Section        0  scale_app.o(i.Scale_App_Init)
    i.Serial_Init                            0x08003740   Section        0  serial.o(i.Serial_Init)
    i.SysTick_Handler                        0x08003758   Section        0  stm32f1xx_it.o(i.SysTick_Handler)
    i.SystemClock_Config                     0x08003760   Section        0  main.o(i.SystemClock_Config)
    i.SystemInit                             0x080037c4   Section        0  system_stm32f1xx.o(i.SystemInit)
    i.UART_DMAAbortOnError                   0x080037c6   Section        0  stm32f1xx_hal_uart.o(i.UART_DMAAbortOnError)
    UART_DMAAbortOnError                     0x080037c7   Thumb Code    20  stm32f1xx_hal_uart.o(i.UART_DMAAbortOnError)
    i.UART_EndRxTransfer                     0x080037da   Section        0  stm32f1xx_hal_uart.o(i.UART_EndRxTransfer)
    UART_EndRxTransfer                       0x080037db   Thumb Code   108  stm32f1xx_hal_uart.o(i.UART_EndRxTransfer)
    i.UART_EndTransmit_IT                    0x08003846   Section        0  stm32f1xx_hal_uart.o(i.UART_EndTransmit_IT)
    UART_EndTransmit_IT                      0x08003847   Thumb Code    32  stm32f1xx_hal_uart.o(i.UART_EndTransmit_IT)
    i.UART_Receive_IT                        0x08003866   Section        0  stm32f1xx_hal_uart.o(i.UART_Receive_IT)
    UART_Receive_IT                          0x08003867   Thumb Code   252  stm32f1xx_hal_uart.o(i.UART_Receive_IT)
    i.UART_SetConfig                         0x08003964   Section        0  stm32f1xx_hal_uart.o(i.UART_SetConfig)
    UART_SetConfig                           0x08003965   Thumb Code   248  stm32f1xx_hal_uart.o(i.UART_SetConfig)
    i.UART_Start_Receive_IT                  0x08003a60   Section        0  stm32f1xx_hal_uart.o(i.UART_Start_Receive_IT)
    i.UART_Transmit_IT                       0x08003aa0   Section        0  stm32f1xx_hal_uart.o(i.UART_Transmit_IT)
    UART_Transmit_IT                         0x08003aa1   Thumb Code    96  stm32f1xx_hal_uart.o(i.UART_Transmit_IT)
    i.UART_WaitOnFlagUntilTimeout            0x08003b00   Section        0  stm32f1xx_hal_uart.o(i.UART_WaitOnFlagUntilTimeout)
    UART_WaitOnFlagUntilTimeout              0x08003b01   Thumb Code   140  stm32f1xx_hal_uart.o(i.UART_WaitOnFlagUntilTimeout)
    i.USART1_IRQHandler                      0x08003b8c   Section        0  stm32f1xx_it.o(i.USART1_IRQHandler)
    i.UsageFault_Handler                     0x08003b9c   Section        0  stm32f1xx_it.o(i.UsageFault_Handler)
    i.__0printf                              0x08003ba0   Section        0  printfa.o(i.__0printf)
    i.__0sprintf                             0x08003bc0   Section        0  printfa.o(i.__0sprintf)
    i.__NVIC_GetPriorityGrouping             0x08003be8   Section        0  stm32f1xx_hal_cortex.o(i.__NVIC_GetPriorityGrouping)
    __NVIC_GetPriorityGrouping               0x08003be9   Thumb Code    10  stm32f1xx_hal_cortex.o(i.__NVIC_GetPriorityGrouping)
    i.__NVIC_SetPriority                     0x08003bf8   Section        0  stm32f1xx_hal_cortex.o(i.__NVIC_SetPriority)
    __NVIC_SetPriority                       0x08003bf9   Thumb Code    32  stm32f1xx_hal_cortex.o(i.__NVIC_SetPriority)
    i.__scatterload_copy                     0x08003c20   Section       14  handlers.o(i.__scatterload_copy)
    i.__scatterload_null                     0x08003c2e   Section        2  handlers.o(i.__scatterload_null)
    i.__scatterload_zeroinit                 0x08003c30   Section       14  handlers.o(i.__scatterload_zeroinit)
    i._fp_digits                             0x08003c40   Section        0  printfa.o(i._fp_digits)
    _fp_digits                               0x08003c41   Thumb Code   366  printfa.o(i._fp_digits)
    i._printf_core                           0x08003dc4   Section        0  printfa.o(i._printf_core)
    _printf_core                             0x08003dc5   Thumb Code  1704  printfa.o(i._printf_core)
    i._printf_post_padding                   0x08004478   Section        0  printfa.o(i._printf_post_padding)
    _printf_post_padding                     0x08004479   Thumb Code    36  printfa.o(i._printf_post_padding)
    i._printf_pre_padding                    0x0800449c   Section        0  printfa.o(i._printf_pre_padding)
    _printf_pre_padding                      0x0800449d   Thumb Code    46  printfa.o(i._printf_pre_padding)
    i._sputc                                 0x080044ca   Section        0  printfa.o(i._sputc)
    _sputc                                   0x080044cb   Thumb Code    10  printfa.o(i._sputc)
    i.fputc                                  0x080044d4   Section        0  serial.o(i.fputc)
    i.main                                   0x080044f0   Section        0  main.o(i.main)
    .constdata                               0x080045d0   Section       18  stm32f1xx_hal_rcc.o(.constdata)
    aPLLMULFactorTable                       0x080045d0   Data          16  stm32f1xx_hal_rcc.o(.constdata)
    aPredivFactorTable                       0x080045e0   Data           2  stm32f1xx_hal_rcc.o(.constdata)
    .constdata                               0x080045e2   Section       24  system_stm32f1xx.o(.constdata)
    .constdata                               0x080045fa   Section    14794  oled.o(.constdata)
    .conststring                             0x08007fc4   Section       15  oled_app.o(.conststring)
    .data                                    0x20000000   Section        9  stm32f1xx_hal.o(.data)
    .data                                    0x2000000c   Section        4  system_stm32f1xx.o(.data)
    .data                                    0x20000010   Section       16  oled_app.o(.data)
    .data                                    0x20000020   Section       24  scale_info.o(.data)
    .data                                    0x20000038   Section       17  ad_values.o(.data)
    filter_index                             0x20000038   Data           1  ad_values.o(.data)
    filter_sum                               0x20000040   Data           8  ad_values.o(.data)
    is_buffer_full                           0x20000048   Data           1  ad_values.o(.data)
    .data                                    0x2000004a   Section        5  serial.o(.data)
    .data                                    0x2000004f   Section        1  led.o(.data)
    ledStatus                                0x2000004f   Data           1  led.o(.data)
    .data                                    0x20000050   Section        8  button.o(.data)
    Button_Last_Tick                         0x20000054   Data           4  button.o(.data)
    .data                                    0x20000058   Section        4  stdout.o(.data)
    .bss                                     0x2000005c   Section       40  can.o(.bss)
    .bss                                     0x20000084   Section       88  spi.o(.bss)
    .bss                                     0x200000dc   Section       72  usart.o(.bss)
    .bss                                     0x20000124   Section       80  ad_values.o(.bss)
    filter_buffer                            0x20000124   Data          80  ad_values.o(.bss)
    .bss                                     0x20000178   Section       24  scale_app.o(.bss)
    .bss                                     0x20000190   Section      128  serial.o(.bss)
    STACK                                    0x20000210   Section     1024  startup_stm32f103xb.o(STACK)

    Global Symbols

    Symbol Name                              Value     Ov Type        Size  Object(Section)

    BuildAttributes$$THM_ISAv4$P$D$K$B$S$PE$A:L22UL41UL21$X:L11$S22US41US21$IEEE1$IW$USESV6$~STKCKD$USESV7$~SHL$OSPACE$ROPI$EBA8$MICROLIB$REQ8$PRES8$EABIv2 0x00000000   Number         0  anon$$obj.o ABSOLUTE
    __ARM_use_no_argv                        0x00000000   Number         0  main.o ABSOLUTE
    _printf_a                                0x00000000   Number         0  stubs.o ABSOLUTE
    _printf_c                                0x00000000   Number         0  stubs.o ABSOLUTE
    _printf_charcount                        0x00000000   Number         0  stubs.o ABSOLUTE
    _printf_d                                0x00000000   Number         0  stubs.o ABSOLUTE
    _printf_e                                0x00000000   Number         0  stubs.o ABSOLUTE
    _printf_f                                0x00000000   Number         0  stubs.o ABSOLUTE
    _printf_flags                            0x00000000   Number         0  stubs.o ABSOLUTE
    _printf_fp_dec                           0x00000000   Number         0  stubs.o ABSOLUTE
    _printf_fp_hex                           0x00000000   Number         0  stubs.o ABSOLUTE
    _printf_g                                0x00000000   Number         0  stubs.o ABSOLUTE
    _printf_i                                0x00000000   Number         0  stubs.o ABSOLUTE
    _printf_int_dec                          0x00000000   Number         0  stubs.o ABSOLUTE
    _printf_l                                0x00000000   Number         0  stubs.o ABSOLUTE
    _printf_lc                               0x00000000   Number         0  stubs.o ABSOLUTE
    _printf_ll                               0x00000000   Number         0  stubs.o ABSOLUTE
    _printf_lld                              0x00000000   Number         0  stubs.o ABSOLUTE
    _printf_lli                              0x00000000   Number         0  stubs.o ABSOLUTE
    _printf_llo                              0x00000000   Number         0  stubs.o ABSOLUTE
    _printf_llu                              0x00000000   Number         0  stubs.o ABSOLUTE
    _printf_llx                              0x00000000   Number         0  stubs.o ABSOLUTE
    _printf_longlong_dec                     0x00000000   Number         0  stubs.o ABSOLUTE
    _printf_longlong_hex                     0x00000000   Number         0  stubs.o ABSOLUTE
    _printf_longlong_oct                     0x00000000   Number         0  stubs.o ABSOLUTE
    _printf_ls                               0x00000000   Number         0  stubs.o ABSOLUTE
    _printf_mbtowc                           0x00000000   Number         0  stubs.o ABSOLUTE
    _printf_n                                0x00000000   Number         0  stubs.o ABSOLUTE
    _printf_o                                0x00000000   Number         0  stubs.o ABSOLUTE
    _printf_p                                0x00000000   Number         0  stubs.o ABSOLUTE
    _printf_percent                          0x00000000   Number         0  stubs.o ABSOLUTE
    _printf_pre_padding                      0x00000000   Number         0  stubs.o ABSOLUTE
    _printf_return_value                     0x00000000   Number         0  stubs.o ABSOLUTE
    _printf_s                                0x00000000   Number         0  stubs.o ABSOLUTE
    _printf_sizespec                         0x00000000   Number         0  stubs.o ABSOLUTE
    _printf_str                              0x00000000   Number         0  stubs.o ABSOLUTE
    _printf_truncate_signed                  0x00000000   Number         0  stubs.o ABSOLUTE
    _printf_truncate_unsigned                0x00000000   Number         0  stubs.o ABSOLUTE
    _printf_u                                0x00000000   Number         0  stubs.o ABSOLUTE
    _printf_wc                               0x00000000   Number         0  stubs.o ABSOLUTE
    _printf_wctomb                           0x00000000   Number         0  stubs.o ABSOLUTE
    _printf_widthprec                        0x00000000   Number         0  stubs.o ABSOLUTE
    _printf_x                                0x00000000   Number         0  stubs.o ABSOLUTE
    __arm_fini_                               - Undefined Weak Reference
    __cpp_initialize__aeabi_                  - Undefined Weak Reference
    __cxa_finalize                            - Undefined Weak Reference
    __decompress                              - Undefined Weak Reference
    _clock_init                               - Undefined Weak Reference
    _microlib_exit                            - Undefined Weak Reference
    __Vectors_Size                           0x000000ec   Number         0  startup_stm32f103xb.o ABSOLUTE
    __Vectors                                0x08000000   Data           4  startup_stm32f103xb.o(RESET)
    __Vectors_End                            0x080000ec   Data           0  startup_stm32f103xb.o(RESET)
    __main                                   0x080000ed   Thumb Code     0  entry.o(.ARM.Collect$$$$00000000)
    _main_stk                                0x080000ed   Thumb Code     0  entry2.o(.ARM.Collect$$$$00000001)
    _main_scatterload                        0x080000f1   Thumb Code     0  entry5.o(.ARM.Collect$$$$00000004)
    __main_after_scatterload                 0x080000f5   Thumb Code     0  entry5.o(.ARM.Collect$$$$00000004)
    _main_clock                              0x080000f5   Thumb Code     0  entry7b.o(.ARM.Collect$$$$00000008)
    _main_cpp_init                           0x080000f5   Thumb Code     0  entry8b.o(.ARM.Collect$$$$0000000A)
    _main_init                               0x080000f5   Thumb Code     0  entry9a.o(.ARM.Collect$$$$0000000B)
    __rt_lib_shutdown_fini                   0x080000fd   Thumb Code     0  entry12b.o(.ARM.Collect$$$$0000000E)
    __rt_final_cpp                           0x08000101   Thumb Code     0  entry10a.o(.ARM.Collect$$$$0000000F)
    __rt_final_exit                          0x08000101   Thumb Code     0  entry11a.o(.ARM.Collect$$$$00000011)
    Reset_Handler                            0x08000105   Thumb Code     8  startup_stm32f103xb.o(.text)
    ADC1_2_IRQHandler                        0x0800011f   Thumb Code     0  startup_stm32f103xb.o(.text)
    CAN1_RX1_IRQHandler                      0x0800011f   Thumb Code     0  startup_stm32f103xb.o(.text)
    CAN1_SCE_IRQHandler                      0x0800011f   Thumb Code     0  startup_stm32f103xb.o(.text)
    DMA1_Channel1_IRQHandler                 0x0800011f   Thumb Code     0  startup_stm32f103xb.o(.text)
    DMA1_Channel2_IRQHandler                 0x0800011f   Thumb Code     0  startup_stm32f103xb.o(.text)
    DMA1_Channel3_IRQHandler                 0x0800011f   Thumb Code     0  startup_stm32f103xb.o(.text)
    DMA1_Channel4_IRQHandler                 0x0800011f   Thumb Code     0  startup_stm32f103xb.o(.text)
    DMA1_Channel5_IRQHandler                 0x0800011f   Thumb Code     0  startup_stm32f103xb.o(.text)
    DMA1_Channel6_IRQHandler                 0x0800011f   Thumb Code     0  startup_stm32f103xb.o(.text)
    DMA1_Channel7_IRQHandler                 0x0800011f   Thumb Code     0  startup_stm32f103xb.o(.text)
    EXTI0_IRQHandler                         0x0800011f   Thumb Code     0  startup_stm32f103xb.o(.text)
    EXTI15_10_IRQHandler                     0x0800011f   Thumb Code     0  startup_stm32f103xb.o(.text)
    EXTI1_IRQHandler                         0x0800011f   Thumb Code     0  startup_stm32f103xb.o(.text)
    EXTI2_IRQHandler                         0x0800011f   Thumb Code     0  startup_stm32f103xb.o(.text)
    EXTI3_IRQHandler                         0x0800011f   Thumb Code     0  startup_stm32f103xb.o(.text)
    EXTI4_IRQHandler                         0x0800011f   Thumb Code     0  startup_stm32f103xb.o(.text)
    FLASH_IRQHandler                         0x0800011f   Thumb Code     0  startup_stm32f103xb.o(.text)
    I2C1_ER_IRQHandler                       0x0800011f   Thumb Code     0  startup_stm32f103xb.o(.text)
    I2C1_EV_IRQHandler                       0x0800011f   Thumb Code     0  startup_stm32f103xb.o(.text)
    I2C2_ER_IRQHandler                       0x0800011f   Thumb Code     0  startup_stm32f103xb.o(.text)
    I2C2_EV_IRQHandler                       0x0800011f   Thumb Code     0  startup_stm32f103xb.o(.text)
    PVD_IRQHandler                           0x0800011f   Thumb Code     0  startup_stm32f103xb.o(.text)
    RCC_IRQHandler                           0x0800011f   Thumb Code     0  startup_stm32f103xb.o(.text)
    RTC_Alarm_IRQHandler                     0x0800011f   Thumb Code     0  startup_stm32f103xb.o(.text)
    RTC_IRQHandler                           0x0800011f   Thumb Code     0  startup_stm32f103xb.o(.text)
    SPI1_IRQHandler                          0x0800011f   Thumb Code     0  startup_stm32f103xb.o(.text)
    SPI2_IRQHandler                          0x0800011f   Thumb Code     0  startup_stm32f103xb.o(.text)
    TAMPER_IRQHandler                        0x0800011f   Thumb Code     0  startup_stm32f103xb.o(.text)
    TIM1_BRK_IRQHandler                      0x0800011f   Thumb Code     0  startup_stm32f103xb.o(.text)
    TIM1_CC_IRQHandler                       0x0800011f   Thumb Code     0  startup_stm32f103xb.o(.text)
    TIM1_TRG_COM_IRQHandler                  0x0800011f   Thumb Code     0  startup_stm32f103xb.o(.text)
    TIM1_UP_IRQHandler                       0x0800011f   Thumb Code     0  startup_stm32f103xb.o(.text)
    TIM2_IRQHandler                          0x0800011f   Thumb Code     0  startup_stm32f103xb.o(.text)
    TIM3_IRQHandler                          0x0800011f   Thumb Code     0  startup_stm32f103xb.o(.text)
    TIM4_IRQHandler                          0x0800011f   Thumb Code     0  startup_stm32f103xb.o(.text)
    USART2_IRQHandler                        0x0800011f   Thumb Code     0  startup_stm32f103xb.o(.text)
    USART3_IRQHandler                        0x0800011f   Thumb Code     0  startup_stm32f103xb.o(.text)
    USBWakeUp_IRQHandler                     0x0800011f   Thumb Code     0  startup_stm32f103xb.o(.text)
    USB_HP_CAN1_TX_IRQHandler                0x0800011f   Thumb Code     0  startup_stm32f103xb.o(.text)
    USB_LP_CAN1_RX0_IRQHandler               0x0800011f   Thumb Code     0  startup_stm32f103xb.o(.text)
    WWDG_IRQHandler                          0x0800011f   Thumb Code     0  startup_stm32f103xb.o(.text)
    __aeabi_llsr                             0x08000129   Thumb Code    32  llushr.o(.text)
    _ll_ushift_r                             0x08000129   Thumb Code     0  llushr.o(.text)
    __aeabi_memset                           0x08000149   Thumb Code    14  memseta.o(.text)
    __aeabi_memset4                          0x08000149   Thumb Code     0  memseta.o(.text)
    __aeabi_memset8                          0x08000149   Thumb Code     0  memseta.o(.text)
    __aeabi_memclr                           0x08000157   Thumb Code     4  memseta.o(.text)
    __aeabi_memclr4                          0x08000157   Thumb Code     0  memseta.o(.text)
    __aeabi_memclr8                          0x08000157   Thumb Code     0  memseta.o(.text)
    _memset$wrapper                          0x0800015b   Thumb Code    18  memseta.o(.text)
    __aeabi_dmul                             0x0800016d   Thumb Code   228  dmul.o(.text)
    __aeabi_ddiv                             0x08000251   Thumb Code   222  ddiv.o(.text)
    __aeabi_f2d                              0x0800032f   Thumb Code    38  f2d.o(.text)
    __aeabi_cdrcmple                         0x08000355   Thumb Code    48  cdrcmple.o(.text)
    __aeabi_cfcmpeq                          0x08000385   Thumb Code     0  cfcmple.o(.text)
    __aeabi_cfcmple                          0x08000385   Thumb Code    20  cfcmple.o(.text)
    __aeabi_uidiv                            0x08000399   Thumb Code     0  uidiv.o(.text)
    __aeabi_uidivmod                         0x08000399   Thumb Code    44  uidiv.o(.text)
    __aeabi_uldivmod                         0x080003c5   Thumb Code    98  uldiv.o(.text)
    __I$use$fp                               0x08000427   Thumb Code     0  iusefp.o(.text)
    _double_round                            0x08000427   Thumb Code    30  depilogue.o(.text)
    _double_epilogue                         0x08000445   Thumb Code   156  depilogue.o(.text)
    __aeabi_dadd                             0x080004e1   Thumb Code   322  dadd.o(.text)
    __aeabi_dsub                             0x08000623   Thumb Code     6  dadd.o(.text)
    __aeabi_drsub                            0x08000629   Thumb Code     6  dadd.o(.text)
    __aeabi_d2ulz                            0x0800062f   Thumb Code    48  dfixul.o(.text)
    __scatterload                            0x08000661   Thumb Code    28  init.o(.text)
    __scatterload_rt2                        0x08000661   Thumb Code     0  init.o(.text)
    __aeabi_llsl                             0x08000685   Thumb Code    30  llshl.o(.text)
    _ll_shift_l                              0x08000685   Thumb Code     0  llshl.o(.text)
    __aeabi_lasr                             0x080006a3   Thumb Code    36  llsshr.o(.text)
    _ll_sshift_r                             0x080006a3   Thumb Code     0  llsshr.o(.text)
    AD7195_Calibrate                         0x080006c9   Thumb Code    84  ad7195.o(i.AD7195_Calibrate)
    AD7195_ChannelSelect                     0x08000721   Thumb Code    44  ad7195.o(i.AD7195_ChannelSelect)
    AD7195_CheckBaseValtage                  0x0800074d   Thumb Code    88  ad7195.o(i.AD7195_CheckBaseValtage)
    AD7195_Config_Init                       0x080007e5   Thumb Code    36  ad7195.o(i.AD7195_Config_Init)
    AD7195_Debug_Dump                        0x08000811   Thumb Code    76  ad7195.o(i.AD7195_Debug_Dump)
    AD7195_GetRegisterValue                  0x080008f9   Thumb Code    78  ad7195.o(i.AD7195_GetRegisterValue)
    AD7195_Init                              0x08000951   Thumb Code   112  ad7195.o(i.AD7195_Init)
    AD7195_Reset                             0x08000a4d   Thumb Code    28  ad7195.o(i.AD7195_Reset)
    AD7195_SetRegisterValue                  0x08000a71   Thumb Code    78  ad7195.o(i.AD7195_SetRegisterValue)
    AD7195_WaitRdyGoLow                      0x08000ac1   Thumb Code    38  ad7195.o(i.AD7195_WaitRdyGoLow)
    AD_Filter_Reset                          0x08000b0d   Thumb Code    38  ad_values.o(i.AD_Filter_Reset)
    AD_SPI_Init                              0x08000b45   Thumb Code    14  ad_spi.o(i.AD_SPI_Init)
    AD_SPI_Read                              0x08000b59   Thumb Code    64  ad_spi.o(i.AD_SPI_Read)
    AD_SPI_Write                             0x08000ba1   Thumb Code    64  ad_spi.o(i.AD_SPI_Write)
    AD_Values_Init                           0x08000be9   Thumb Code     8  ad_values.o(i.AD_Values_Init)
    BusFault_Handler                         0x08000bf1   Thumb Code     4  stm32f1xx_it.o(i.BusFault_Handler)
    Column_Address                           0x08000bf5   Thumb Code    34  oled.o(i.Column_Address)
    DebugMon_Handler                         0x08000c17   Thumb Code     2  stm32f1xx_it.o(i.DebugMon_Handler)
    Delay_ms                                 0x08000c19   Thumb Code    12  delay.o(i.Delay_ms)
    EXTI9_5_IRQHandler                       0x08000c25   Thumb Code    10  stm32f1xx_it.o(i.EXTI9_5_IRQHandler)
    Error_Handler                            0x08000c2f   Thumb Code     6  main.o(i.Error_Handler)
    HAL_CAN_Init                             0x08000c35   Thumb Code   372  stm32f1xx_hal_can.o(i.HAL_CAN_Init)
    HAL_CAN_MspInit                          0x08000da9   Thumb Code   122  can.o(i.HAL_CAN_MspInit)
    HAL_DMA_Abort                            0x08000e31   Thumb Code    86  stm32f1xx_hal_dma.o(i.HAL_DMA_Abort)
    HAL_DMA_Abort_IT                         0x08000e89   Thumb Code   172  stm32f1xx_hal_dma.o(i.HAL_DMA_Abort_IT)
    HAL_Delay                                0x08000f39   Thumb Code    36  stm32f1xx_hal.o(i.HAL_Delay)
    HAL_GPIO_EXTI_Callback                   0x08000f61   Thumb Code    38  button.o(i.HAL_GPIO_EXTI_Callback)
    HAL_GPIO_EXTI_IRQHandler                 0x08000f91   Thumb Code    24  stm32f1xx_hal_gpio.o(i.HAL_GPIO_EXTI_IRQHandler)
    HAL_GPIO_Init                            0x08000fad   Thumb Code   766  stm32f1xx_hal_gpio.o(i.HAL_GPIO_Init)
    HAL_GPIO_ReadPin                         0x080012cd   Thumb Code    16  stm32f1xx_hal_gpio.o(i.HAL_GPIO_ReadPin)
    HAL_GPIO_WritePin                        0x080012dd   Thumb Code    12  stm32f1xx_hal_gpio.o(i.HAL_GPIO_WritePin)
    HAL_GetTick                              0x080012e9   Thumb Code     6  stm32f1xx_hal.o(i.HAL_GetTick)
    HAL_IncTick                              0x080012f5   Thumb Code    16  stm32f1xx_hal.o(i.HAL_IncTick)
    HAL_Init                                 0x0800130d   Thumb Code    34  stm32f1xx_hal.o(i.HAL_Init)
    HAL_InitTick                             0x08001335   Thumb Code    64  stm32f1xx_hal.o(i.HAL_InitTick)
    HAL_MspInit                              0x08001381   Thumb Code    76  stm32f1xx_hal_msp.o(i.HAL_MspInit)
    HAL_NVIC_EnableIRQ                       0x080013d5   Thumb Code    32  stm32f1xx_hal_cortex.o(i.HAL_NVIC_EnableIRQ)
    HAL_NVIC_SetPriority                     0x080013f5   Thumb Code   124  stm32f1xx_hal_cortex.o(i.HAL_NVIC_SetPriority)
    HAL_NVIC_SetPriorityGrouping             0x08001471   Thumb Code    32  stm32f1xx_hal_cortex.o(i.HAL_NVIC_SetPriorityGrouping)
    HAL_RCC_ClockConfig                      0x08001499   Thumb Code   376  stm32f1xx_hal_rcc.o(i.HAL_RCC_ClockConfig)
    HAL_RCC_GetHCLKFreq                      0x08001625   Thumb Code     6  stm32f1xx_hal_rcc.o(i.HAL_RCC_GetHCLKFreq)
    HAL_RCC_GetPCLK1Freq                     0x08001631   Thumb Code    22  stm32f1xx_hal_rcc.o(i.HAL_RCC_GetPCLK1Freq)
    HAL_RCC_GetPCLK2Freq                     0x08001651   Thumb Code    22  stm32f1xx_hal_rcc.o(i.HAL_RCC_GetPCLK2Freq)
    HAL_RCC_GetSysClockFreq                  0x08001671   Thumb Code    92  stm32f1xx_hal_rcc.o(i.HAL_RCC_GetSysClockFreq)
    HAL_RCC_OscConfig                        0x080016e5   Thumb Code  1114  stm32f1xx_hal_rcc.o(i.HAL_RCC_OscConfig)
    HAL_SPI_Init                             0x08001b49   Thumb Code   190  stm32f1xx_hal_spi.o(i.HAL_SPI_Init)
    HAL_SPI_MspInit                          0x08001c09   Thumb Code   124  spi.o(i.HAL_SPI_MspInit)
    HAL_SPI_Transmit                         0x08001c91   Thumb Code   446  stm32f1xx_hal_spi.o(i.HAL_SPI_Transmit)
    HAL_SPI_TransmitReceive                  0x08001e4f   Thumb Code   584  stm32f1xx_hal_spi.o(i.HAL_SPI_TransmitReceive)
    HAL_SYSTICK_Config                       0x08002097   Thumb Code    52  stm32f1xx_hal_cortex.o(i.HAL_SYSTICK_Config)
    HAL_UARTEx_RxEventCallback               0x080020cb   Thumb Code     2  stm32f1xx_hal_uart.o(i.HAL_UARTEx_RxEventCallback)
    HAL_UART_ErrorCallback                   0x080020cd   Thumb Code     2  stm32f1xx_hal_uart.o(i.HAL_UART_ErrorCallback)
    HAL_UART_IRQHandler                      0x080020d1   Thumb Code   736  stm32f1xx_hal_uart.o(i.HAL_UART_IRQHandler)
    HAL_UART_Init                            0x080023b5   Thumb Code   118  stm32f1xx_hal_uart.o(i.HAL_UART_Init)
    HAL_UART_MspInit                         0x0800242d   Thumb Code   138  usart.o(i.HAL_UART_MspInit)
    HAL_UART_Receive_IT                      0x080024c5   Thumb Code    44  stm32f1xx_hal_uart.o(i.HAL_UART_Receive_IT)
    HAL_UART_RxCpltCallback                  0x080024f1   Thumb Code    84  serial.o(i.HAL_UART_RxCpltCallback)
    HAL_UART_Transmit                        0x0800255d   Thumb Code   190  stm32f1xx_hal_uart.o(i.HAL_UART_Transmit)
    HAL_UART_TxCpltCallback                  0x0800261b   Thumb Code     2  stm32f1xx_hal_uart.o(i.HAL_UART_TxCpltCallback)
    HardFault_Handler                        0x0800261d   Thumb Code     4  stm32f1xx_it.o(i.HardFault_Handler)
    LED_On                                   0x08002621   Thumb Code    20  led.o(i.LED_On)
    MX_CAN_Init                              0x0800263d   Thumb Code    48  can.o(i.MX_CAN_Init)
    MX_GPIO_Init                             0x08002675   Thumb Code   280  gpio.o(i.MX_GPIO_Init)
    MX_SPI2_Init                             0x0800279d   Thumb Code    62  spi.o(i.MX_SPI2_Init)
    MX_USART1_UART_Init                      0x080027e5   Thumb Code    46  usart.o(i.MX_USART1_UART_Init)
    MemManage_Handler                        0x0800281d   Thumb Code     4  stm32f1xx_it.o(i.MemManage_Handler)
    NMI_Handler                              0x08002821   Thumb Code     4  stm32f1xx_it.o(i.NMI_Handler)
    OLED_Fill                                0x08002825   Thumb Code   110  oled.o(i.OLED_Fill)
    OLED_Init                                0x08002895   Thumb Code   272  oled.o(i.OLED_Init)
    OLED_ShowChar                            0x080029a9   Thumb Code   344  oled.o(i.OLED_ShowChar)
    OLED_ShowChinese                         0x08002b11   Thumb Code   116  oled.o(i.OLED_ShowChinese)
    OLED_ShowChinese12x12                    0x08002b85   Thumb Code   358  oled.o(i.OLED_ShowChinese12x12)
    OLED_ShowChinese16x16                    0x08002cf1   Thumb Code   306  oled.o(i.OLED_ShowChinese16x16)
    OLED_ShowChinese24x24                    0x08002e29   Thumb Code   322  oled.o(i.OLED_ShowChinese24x24)
    OLED_ShowChinese32x32                    0x08002f71   Thumb Code   306  oled.o(i.OLED_ShowChinese32x32)
    OLED_ShowString                          0x080030a9   Thumb Code    58  oled.o(i.OLED_ShowString)
    OLED_Update_Scale_UI                     0x080030e5   Thumb Code   812  oled_app.o(i.OLED_Update_Scale_UI)
    OLED_WR_Bus                              0x08003515   Thumb Code    94  oled.o(i.OLED_WR_Bus)
    OLED_WR_Byte                             0x08003579   Thumb Code    12  oled.o(i.OLED_WR_Byte)
    OLED_WR_REG                              0x08003585   Thumb Code    32  oled.o(i.OLED_WR_REG)
    PendSV_Handler                           0x080035a9   Thumb Code     2  stm32f1xx_it.o(i.PendSV_Handler)
    Row_Address                              0x080035d5   Thumb Code    32  oled.o(i.Row_Address)
    SVC_Handler                              0x08003711   Thumb Code     2  stm32f1xx_it.o(i.SVC_Handler)
    Scale_App_Init                           0x08003715   Thumb Code    30  scale_app.o(i.Scale_App_Init)
    Serial_Init                              0x08003741   Thumb Code    14  serial.o(i.Serial_Init)
    SysTick_Handler                          0x08003759   Thumb Code     8  stm32f1xx_it.o(i.SysTick_Handler)
    SystemClock_Config                       0x08003761   Thumb Code   100  main.o(i.SystemClock_Config)
    SystemInit                               0x080037c5   Thumb Code     2  system_stm32f1xx.o(i.SystemInit)
    UART_Start_Receive_IT                    0x08003a61   Thumb Code    64  stm32f1xx_hal_uart.o(i.UART_Start_Receive_IT)
    USART1_IRQHandler                        0x08003b8d   Thumb Code    10  stm32f1xx_it.o(i.USART1_IRQHandler)
    UsageFault_Handler                       0x08003b9d   Thumb Code     4  stm32f1xx_it.o(i.UsageFault_Handler)
    __0printf                                0x08003ba1   Thumb Code    22  printfa.o(i.__0printf)
    __1printf                                0x08003ba1   Thumb Code     0  printfa.o(i.__0printf)
    __2printf                                0x08003ba1   Thumb Code     0  printfa.o(i.__0printf)
    __c89printf                              0x08003ba1   Thumb Code     0  printfa.o(i.__0printf)
    printf                                   0x08003ba1   Thumb Code     0  printfa.o(i.__0printf)
    __0sprintf                               0x08003bc1   Thumb Code    34  printfa.o(i.__0sprintf)
    __1sprintf                               0x08003bc1   Thumb Code     0  printfa.o(i.__0sprintf)
    __2sprintf                               0x08003bc1   Thumb Code     0  printfa.o(i.__0sprintf)
    __c89sprintf                             0x08003bc1   Thumb Code     0  printfa.o(i.__0sprintf)
    sprintf                                  0x08003bc1   Thumb Code     0  printfa.o(i.__0sprintf)
    __scatterload_copy                       0x08003c21   Thumb Code    14  handlers.o(i.__scatterload_copy)
    __scatterload_null                       0x08003c2f   Thumb Code     2  handlers.o(i.__scatterload_null)
    __scatterload_zeroinit                   0x08003c31   Thumb Code    14  handlers.o(i.__scatterload_zeroinit)
    fputc                                    0x080044d5   Thumb Code    22  serial.o(i.fputc)
    main                                     0x080044f1   Thumb Code   144  main.o(i.main)
    AHBPrescTable                            0x080045e2   Data          16  system_stm32f1xx.o(.constdata)
    APBPrescTable                            0x080045f2   Data           8  system_stm32f1xx.o(.constdata)
    ascii_1206                               0x080045fa   Data        1140  oled.o(.constdata)
    ascii_1608                               0x08004a6e   Data        1520  oled.o(.constdata)
    ascii_2412                               0x0800505e   Data        4560  oled.o(.constdata)
    ascii_3216                               0x0800622e   Data        6080  oled.o(.constdata)
    tfont12                                  0x080079ee   Data         572  oled.o(.constdata)
    tfont16                                  0x08007c2a   Data          68  oled.o(.constdata)
    tfont24                                  0x08007c6e   Data          74  oled.o(.constdata)
    tfont32                                  0x08007cb8   Data         780  oled.o(.constdata)
    Region$$Table$$Base                      0x08007fd4   Number         0  anon$$obj.o(Region$$Table)
    Region$$Table$$Limit                     0x08007ff4   Number         0  anon$$obj.o(Region$$Table)
    uwTick                                   0x20000000   Data           4  stm32f1xx_hal.o(.data)
    uwTickPrio                               0x20000004   Data           4  stm32f1xx_hal.o(.data)
    uwTickFreq                               0x20000008   Data           1  stm32f1xx_hal.o(.data)
    SystemCoreClock                          0x2000000c   Data           4  system_stm32f1xx.o(.data)
    UNIT_STRS                                0x20000010   Data          16  oled_app.o(.data)
    g_Scale                                  0x20000020   Data          24  scale_info.o(.data)
    Serial_RxData                            0x2000004a   Data           1  serial.o(.data)
    Serial_RxLength                          0x2000004c   Data           2  serial.o(.data)
    Serial_RxFlag                            0x2000004e   Data           1  serial.o(.data)
    Button_Event_Flag                        0x20000050   Data           1  button.o(.data)
    __stdout                                 0x20000058   Data           4  stdout.o(.data)
    hcan                                     0x2000005c   Data          40  can.o(.bss)
    hspi2                                    0x20000084   Data          88  spi.o(.bss)
    huart1                                   0x200000dc   Data          72  usart.o(.bss)
    ScaleParam                               0x20000178   Data          24  scale_app.o(.bss)
    Serial_RxBuffer                          0x20000190   Data         128  serial.o(.bss)
    __initial_sp                             0x20000610   Data           0  startup_stm32f103xb.o(STACK)



==============================================================================

Memory Map of the image

  Image Entry point : 0x080000ed

  Load Region LR_IROM1 (Base: 0x08000000, Size: 0x00008050, Max: 0x00010000, ABSOLUTE)

    Execution Region ER_IROM1 (Exec base: 0x08000000, Load base: 0x08000000, Size: 0x00007ff4, Max: 0x00010000, ABSOLUTE)

    Exec Addr    Load Addr    Size         Type   Attr      Idx    E Section Name        Object

    0x08000000   0x08000000   0x000000ec   Data   RO            3    RESET               startup_stm32f103xb.o
    0x080000ec   0x080000ec   0x00000000   Code   RO         3117  * .ARM.Collect$$$$00000000  mc_w.l(entry.o)
    0x080000ec   0x080000ec   0x00000004   Code   RO         3401    .ARM.Collect$$$$00000001  mc_w.l(entry2.o)
    0x080000f0   0x080000f0   0x00000004   Code   RO         3404    .ARM.Collect$$$$00000004  mc_w.l(entry5.o)
    0x080000f4   0x080000f4   0x00000000   Code   RO         3406    .ARM.Collect$$$$00000008  mc_w.l(entry7b.o)
    0x080000f4   0x080000f4   0x00000000   Code   RO         3408    .ARM.Collect$$$$0000000A  mc_w.l(entry8b.o)
    0x080000f4   0x080000f4   0x00000008   Code   RO         3409    .ARM.Collect$$$$0000000B  mc_w.l(entry9a.o)
    0x080000fc   0x080000fc   0x00000004   Code   RO         3416    .ARM.Collect$$$$0000000E  mc_w.l(entry12b.o)
    0x08000100   0x08000100   0x00000000   Code   RO         3411    .ARM.Collect$$$$0000000F  mc_w.l(entry10a.o)
    0x08000100   0x08000100   0x00000000   Code   RO         3413    .ARM.Collect$$$$00000011  mc_w.l(entry11a.o)
    0x08000100   0x08000100   0x00000004   Code   RO         3402    .ARM.Collect$$$$00002712  mc_w.l(entry2.o)
    0x08000104   0x08000104   0x00000024   Code   RO            4    .text               startup_stm32f103xb.o
    0x08000128   0x08000128   0x00000020   Code   RO         3122    .text               mc_w.l(llushr.o)
    0x08000148   0x08000148   0x00000024   Code   RO         3124    .text               mc_w.l(memseta.o)
    0x0800016c   0x0800016c   0x000000e4   Code   RO         3387    .text               mf_w.l(dmul.o)
    0x08000250   0x08000250   0x000000de   Code   RO         3389    .text               mf_w.l(ddiv.o)
    0x0800032e   0x0800032e   0x00000026   Code   RO         3393    .text               mf_w.l(f2d.o)
    0x08000354   0x08000354   0x00000030   Code   RO         3397    .text               mf_w.l(cdrcmple.o)
    0x08000384   0x08000384   0x00000014   Code   RO         3399    .text               mf_w.l(cfcmple.o)
    0x08000398   0x08000398   0x0000002c   Code   RO         3418    .text               mc_w.l(uidiv.o)
    0x080003c4   0x080003c4   0x00000062   Code   RO         3420    .text               mc_w.l(uldiv.o)
    0x08000426   0x08000426   0x00000000   Code   RO         3422    .text               mc_w.l(iusefp.o)
    0x08000426   0x08000426   0x000000ba   Code   RO         3423    .text               mf_w.l(depilogue.o)
    0x080004e0   0x080004e0   0x0000014e   Code   RO         3425    .text               mf_w.l(dadd.o)
    0x0800062e   0x0800062e   0x00000030   Code   RO         3427    .text               mf_w.l(dfixul.o)
    0x0800065e   0x0800065e   0x00000002   PAD
    0x08000660   0x08000660   0x00000024   Code   RO         3429    .text               mc_w.l(init.o)
    0x08000684   0x08000684   0x0000001e   Code   RO         3431    .text               mc_w.l(llshl.o)
    0x080006a2   0x080006a2   0x00000024   Code   RO         3433    .text               mc_w.l(llsshr.o)
    0x080006c6   0x080006c6   0x00000002   PAD
    0x080006c8   0x080006c8   0x00000058   Code   RO         2549    i.AD7195_Calibrate  ad7195.o
    0x08000720   0x08000720   0x0000002c   Code   RO         2550    i.AD7195_ChannelSelect  ad7195.o
    0x0800074c   0x0800074c   0x00000098   Code   RO         2551    i.AD7195_CheckBaseValtage  ad7195.o
    0x080007e4   0x080007e4   0x0000002c   Code   RO         2552    i.AD7195_Config_Init  ad7195.o
    0x08000810   0x08000810   0x000000e8   Code   RO         2554    i.AD7195_Debug_Dump  ad7195.o
    0x080008f8   0x080008f8   0x00000058   Code   RO         2561    i.AD7195_GetRegisterValue  ad7195.o
    0x08000950   0x08000950   0x000000fc   Code   RO         2563    i.AD7195_Init       ad7195.o
    0x08000a4c   0x08000a4c   0x00000024   Code   RO         2565    i.AD7195_Reset      ad7195.o
    0x08000a70   0x08000a70   0x0000004e   Code   RO         2567    i.AD7195_SetRegisterValue  ad7195.o
    0x08000abe   0x08000abe   0x00000002   PAD
    0x08000ac0   0x08000ac0   0x0000004c   Code   RO         2569    i.AD7195_WaitRdyGoLow  ad7195.o
    0x08000b0c   0x08000b0c   0x00000038   Code   RO         2697    i.AD_Filter_Reset   ad_values.o
    0x08000b44   0x08000b44   0x00000014   Code   RO         2510    i.AD_SPI_Init       ad_spi.o
    0x08000b58   0x08000b58   0x00000048   Code   RO         2511    i.AD_SPI_Read       ad_spi.o
    0x08000ba0   0x08000ba0   0x00000048   Code   RO         2512    i.AD_SPI_Write      ad_spi.o
    0x08000be8   0x08000be8   0x00000008   Code   RO         2699    i.AD_Values_Init    ad_values.o
    0x08000bf0   0x08000bf0   0x00000004   Code   RO          339    i.BusFault_Handler  stm32f1xx_it.o
    0x08000bf4   0x08000bf4   0x00000022   Code   RO         2917    i.Column_Address    oled.o
    0x08000c16   0x08000c16   0x00000002   Code   RO          340    i.DebugMon_Handler  stm32f1xx_it.o
    0x08000c18   0x08000c18   0x0000000c   Code   RO         2878    i.Delay_ms          delay.o
    0x08000c24   0x08000c24   0x0000000a   Code   RO          341    i.EXTI9_5_IRQHandler  stm32f1xx_it.o
    0x08000c2e   0x08000c2e   0x00000006   Code   RO           13    i.Error_Handler     main.o
    0x08000c34   0x08000c34   0x00000174   Code   RO          500    i.HAL_CAN_Init      stm32f1xx_hal_can.o
    0x08000da8   0x08000da8   0x00000088   Code   RO          214    i.HAL_CAN_MspInit   can.o
    0x08000e30   0x08000e30   0x00000056   Code   RO         1106    i.HAL_DMA_Abort     stm32f1xx_hal_dma.o
    0x08000e86   0x08000e86   0x00000002   PAD
    0x08000e88   0x08000e88   0x000000b0   Code   RO         1107    i.HAL_DMA_Abort_IT  stm32f1xx_hal_dma.o
    0x08000f38   0x08000f38   0x00000028   Code   RO          727    i.HAL_Delay         stm32f1xx_hal.o
    0x08000f60   0x08000f60   0x00000030   Code   RO         3090    i.HAL_GPIO_EXTI_Callback  button.o
    0x08000f90   0x08000f90   0x0000001c   Code   RO         1041    i.HAL_GPIO_EXTI_IRQHandler  stm32f1xx_hal_gpio.o
    0x08000fac   0x08000fac   0x00000320   Code   RO         1042    i.HAL_GPIO_Init     stm32f1xx_hal_gpio.o
    0x080012cc   0x080012cc   0x00000010   Code   RO         1044    i.HAL_GPIO_ReadPin  stm32f1xx_hal_gpio.o
    0x080012dc   0x080012dc   0x0000000c   Code   RO         1046    i.HAL_GPIO_WritePin  stm32f1xx_hal_gpio.o
    0x080012e8   0x080012e8   0x0000000c   Code   RO          731    i.HAL_GetTick       stm32f1xx_hal.o
    0x080012f4   0x080012f4   0x00000018   Code   RO          737    i.HAL_IncTick       stm32f1xx_hal.o
    0x0800130c   0x0800130c   0x00000028   Code   RO          738    i.HAL_Init          stm32f1xx_hal.o
    0x08001334   0x08001334   0x0000004c   Code   RO          739    i.HAL_InitTick      stm32f1xx_hal.o
    0x08001380   0x08001380   0x00000054   Code   RO          426    i.HAL_MspInit       stm32f1xx_hal_msp.o
    0x080013d4   0x080013d4   0x00000020   Code   RO         1202    i.HAL_NVIC_EnableIRQ  stm32f1xx_hal_cortex.o
    0x080013f4   0x080013f4   0x0000007c   Code   RO         1208    i.HAL_NVIC_SetPriority  stm32f1xx_hal_cortex.o
    0x08001470   0x08001470   0x00000028   Code   RO         1209    i.HAL_NVIC_SetPriorityGrouping  stm32f1xx_hal_cortex.o
    0x08001498   0x08001498   0x0000018c   Code   RO          895    i.HAL_RCC_ClockConfig  stm32f1xx_hal_rcc.o
    0x08001624   0x08001624   0x0000000c   Code   RO          900    i.HAL_RCC_GetHCLKFreq  stm32f1xx_hal_rcc.o
    0x08001630   0x08001630   0x00000020   Code   RO          902    i.HAL_RCC_GetPCLK1Freq  stm32f1xx_hal_rcc.o
    0x08001650   0x08001650   0x00000020   Code   RO          903    i.HAL_RCC_GetPCLK2Freq  stm32f1xx_hal_rcc.o
    0x08001670   0x08001670   0x00000074   Code   RO          904    i.HAL_RCC_GetSysClockFreq  stm32f1xx_hal_rcc.o
    0x080016e4   0x080016e4   0x00000464   Code   RO          907    i.HAL_RCC_OscConfig  stm32f1xx_hal_rcc.o
    0x08001b48   0x08001b48   0x000000be   Code   RO         1739    i.HAL_SPI_Init      stm32f1xx_hal_spi.o
    0x08001c06   0x08001c06   0x00000002   PAD
    0x08001c08   0x08001c08   0x00000088   Code   RO          256    i.HAL_SPI_MspInit   spi.o
    0x08001c90   0x08001c90   0x000001be   Code   RO         1747    i.HAL_SPI_Transmit  stm32f1xx_hal_spi.o
    0x08001e4e   0x08001e4e   0x00000248   Code   RO         1748    i.HAL_SPI_TransmitReceive  stm32f1xx_hal_spi.o
    0x08002096   0x08002096   0x00000034   Code   RO         1213    i.HAL_SYSTICK_Config  stm32f1xx_hal_cortex.o
    0x080020ca   0x080020ca   0x00000002   Code   RO         2062    i.HAL_UARTEx_RxEventCallback  stm32f1xx_hal_uart.o
    0x080020cc   0x080020cc   0x00000002   Code   RO         2076    i.HAL_UART_ErrorCallback  stm32f1xx_hal_uart.o
    0x080020ce   0x080020ce   0x00000002   PAD
    0x080020d0   0x080020d0   0x000002e4   Code   RO         2079    i.HAL_UART_IRQHandler  stm32f1xx_hal_uart.o
    0x080023b4   0x080023b4   0x00000076   Code   RO         2080    i.HAL_UART_Init     stm32f1xx_hal_uart.o
    0x0800242a   0x0800242a   0x00000002   PAD
    0x0800242c   0x0800242c   0x00000098   Code   RO          298    i.HAL_UART_MspInit  usart.o
    0x080024c4   0x080024c4   0x0000002c   Code   RO         2085    i.HAL_UART_Receive_IT  stm32f1xx_hal_uart.o
    0x080024f0   0x080024f0   0x0000006c   Code   RO         2820    i.HAL_UART_RxCpltCallback  serial.o
    0x0800255c   0x0800255c   0x000000be   Code   RO         2088    i.HAL_UART_Transmit  stm32f1xx_hal_uart.o
    0x0800261a   0x0800261a   0x00000002   Code   RO         2091    i.HAL_UART_TxCpltCallback  stm32f1xx_hal_uart.o
    0x0800261c   0x0800261c   0x00000004   Code   RO          342    i.HardFault_Handler  stm32f1xx_it.o
    0x08002620   0x08002620   0x0000001c   Code   RO         3050    i.LED_On            led.o
    0x0800263c   0x0800263c   0x00000038   Code   RO          215    i.MX_CAN_Init       can.o
    0x08002674   0x08002674   0x00000128   Code   RO          189    i.MX_GPIO_Init      gpio.o
    0x0800279c   0x0800279c   0x00000048   Code   RO          257    i.MX_SPI2_Init      spi.o
    0x080027e4   0x080027e4   0x00000038   Code   RO          299    i.MX_USART1_UART_Init  usart.o
    0x0800281c   0x0800281c   0x00000004   Code   RO          343    i.MemManage_Handler  stm32f1xx_it.o
    0x08002820   0x08002820   0x00000004   Code   RO          344    i.NMI_Handler       stm32f1xx_it.o
    0x08002824   0x08002824   0x0000006e   Code   RO         2920    i.OLED_Fill         oled.o
    0x08002892   0x08002892   0x00000002   PAD
    0x08002894   0x08002894   0x00000114   Code   RO         2921    i.OLED_Init         oled.o
    0x080029a8   0x080029a8   0x00000168   Code   RO         2922    i.OLED_ShowChar     oled.o
    0x08002b10   0x08002b10   0x00000074   Code   RO         2923    i.OLED_ShowChinese  oled.o
    0x08002b84   0x08002b84   0x0000016c   Code   RO         2924    i.OLED_ShowChinese12x12  oled.o
    0x08002cf0   0x08002cf0   0x00000138   Code   RO         2925    i.OLED_ShowChinese16x16  oled.o
    0x08002e28   0x08002e28   0x00000148   Code   RO         2926    i.OLED_ShowChinese24x24  oled.o
    0x08002f70   0x08002f70   0x00000138   Code   RO         2927    i.OLED_ShowChinese32x32  oled.o
    0x080030a8   0x080030a8   0x0000003a   Code   RO         2929    i.OLED_ShowString   oled.o
    0x080030e2   0x080030e2   0x00000002   PAD
    0x080030e4   0x080030e4   0x00000430   Code   RO         2461    i.OLED_Update_Scale_UI  oled_app.o
    0x08003514   0x08003514   0x00000064   Code   RO         2930    i.OLED_WR_Bus       oled.o
    0x08003578   0x08003578   0x0000000c   Code   RO         2931    i.OLED_WR_Byte      oled.o
    0x08003584   0x08003584   0x00000024   Code   RO         2932    i.OLED_WR_REG       oled.o
    0x080035a8   0x080035a8   0x00000002   Code   RO          345    i.PendSV_Handler    stm32f1xx_it.o
    0x080035aa   0x080035aa   0x00000002   PAD
    0x080035ac   0x080035ac   0x00000028   Code   RO          908    i.RCC_Delay         stm32f1xx_hal_rcc.o
    0x080035d4   0x080035d4   0x00000020   Code   RO         2933    i.Row_Address       oled.o
    0x080035f4   0x080035f4   0x00000044   Code   RO         1777    i.SPI_EndRxTxTransaction  stm32f1xx_hal_spi.o
    0x08003638   0x08003638   0x000000d8   Code   RO         1782    i.SPI_WaitFlagStateUntilTimeout  stm32f1xx_hal_spi.o
    0x08003710   0x08003710   0x00000002   Code   RO          346    i.SVC_Handler       stm32f1xx_it.o
    0x08003712   0x08003712   0x00000002   PAD
    0x08003714   0x08003714   0x0000002c   Code   RO         2744    i.Scale_App_Init    scale_app.o
    0x08003740   0x08003740   0x00000018   Code   RO         2822    i.Serial_Init       serial.o
    0x08003758   0x08003758   0x00000008   Code   RO          347    i.SysTick_Handler   stm32f1xx_it.o
    0x08003760   0x08003760   0x00000064   Code   RO           14    i.SystemClock_Config  main.o
    0x080037c4   0x080037c4   0x00000002   Code   RO         2424    i.SystemInit        system_stm32f1xx.o
    0x080037c6   0x080037c6   0x00000014   Code   RO         2093    i.UART_DMAAbortOnError  stm32f1xx_hal_uart.o
    0x080037da   0x080037da   0x0000006c   Code   RO         2103    i.UART_EndRxTransfer  stm32f1xx_hal_uart.o
    0x08003846   0x08003846   0x00000020   Code   RO         2104    i.UART_EndTransmit_IT  stm32f1xx_hal_uart.o
    0x08003866   0x08003866   0x000000fc   Code   RO         2106    i.UART_Receive_IT   stm32f1xx_hal_uart.o
    0x08003962   0x08003962   0x00000002   PAD
    0x08003964   0x08003964   0x000000fc   Code   RO         2107    i.UART_SetConfig    stm32f1xx_hal_uart.o
    0x08003a60   0x08003a60   0x00000040   Code   RO         2109    i.UART_Start_Receive_IT  stm32f1xx_hal_uart.o
    0x08003aa0   0x08003aa0   0x00000060   Code   RO         2110    i.UART_Transmit_IT  stm32f1xx_hal_uart.o
    0x08003b00   0x08003b00   0x0000008c   Code   RO         2111    i.UART_WaitOnFlagUntilTimeout  stm32f1xx_hal_uart.o
    0x08003b8c   0x08003b8c   0x00000010   Code   RO          348    i.USART1_IRQHandler  stm32f1xx_it.o
    0x08003b9c   0x08003b9c   0x00000004   Code   RO          349    i.UsageFault_Handler  stm32f1xx_it.o
    0x08003ba0   0x08003ba0   0x00000020   Code   RO         3359    i.__0printf         mc_w.l(printfa.o)
    0x08003bc0   0x08003bc0   0x00000028   Code   RO         3361    i.__0sprintf        mc_w.l(printfa.o)
    0x08003be8   0x08003be8   0x00000010   Code   RO         1215    i.__NVIC_GetPriorityGrouping  stm32f1xx_hal_cortex.o
    0x08003bf8   0x08003bf8   0x00000028   Code   RO         1216    i.__NVIC_SetPriority  stm32f1xx_hal_cortex.o
    0x08003c20   0x08003c20   0x0000000e   Code   RO         3437    i.__scatterload_copy  mc_w.l(handlers.o)
    0x08003c2e   0x08003c2e   0x00000002   Code   RO         3438    i.__scatterload_null  mc_w.l(handlers.o)
    0x08003c30   0x08003c30   0x0000000e   Code   RO         3439    i.__scatterload_zeroinit  mc_w.l(handlers.o)
    0x08003c3e   0x08003c3e   0x00000002   PAD
    0x08003c40   0x08003c40   0x00000184   Code   RO         3366    i._fp_digits        mc_w.l(printfa.o)
    0x08003dc4   0x08003dc4   0x000006b4   Code   RO         3367    i._printf_core      mc_w.l(printfa.o)
    0x08004478   0x08004478   0x00000024   Code   RO         3368    i._printf_post_padding  mc_w.l(printfa.o)
    0x0800449c   0x0800449c   0x0000002e   Code   RO         3369    i._printf_pre_padding  mc_w.l(printfa.o)
    0x080044ca   0x080044ca   0x0000000a   Code   RO         3371    i._sputc            mc_w.l(printfa.o)
    0x080044d4   0x080044d4   0x0000001c   Code   RO         2824    i.fputc             serial.o
    0x080044f0   0x080044f0   0x000000e0   Code   RO           15    i.main              main.o
    0x080045d0   0x080045d0   0x00000012   Data   RO          909    .constdata          stm32f1xx_hal_rcc.o
    0x080045e2   0x080045e2   0x00000018   Data   RO         2425    .constdata          system_stm32f1xx.o
    0x080045fa   0x080045fa   0x000039ca   Data   RO         2935    .constdata          oled.o
    0x08007fc4   0x08007fc4   0x0000000f   Data   RO         2462    .conststring        oled_app.o
    0x08007fd3   0x08007fd3   0x00000001   PAD
    0x08007fd4   0x08007fd4   0x00000020   Data   RO         3435    Region$$Table       anon$$obj.o


    Execution Region RW_IRAM1 (Exec base: 0x20000000, Load base: 0x08007ff4, Size: 0x00000610, Max: 0x00005000, ABSOLUTE)

    Exec Addr    Load Addr    Size         Type   Attr      Idx    E Section Name        Object

    0x20000000   0x08007ff4   0x00000009   Data   RW          745    .data               stm32f1xx_hal.o
    0x20000009   0x08007ffd   0x00000003   PAD
    0x2000000c   0x08008000   0x00000004   Data   RW         2426    .data               system_stm32f1xx.o
    0x20000010   0x08008004   0x00000010   Data   RW         2463    .data               oled_app.o
    0x20000020   0x08008014   0x00000018   Data   RW         2495    .data               scale_info.o
    0x20000038   0x0800802c   0x00000011   Data   RW         2701    .data               ad_values.o
    0x20000049   0x0800803d   0x00000001   PAD
    0x2000004a   0x0800803e   0x00000005   Data   RW         2826    .data               serial.o
    0x2000004f   0x08008043   0x00000001   Data   RW         3052    .data               led.o
    0x20000050   0x08008044   0x00000008   Data   RW         3091    .data               button.o
    0x20000058   0x0800804c   0x00000004   Data   RW         3417    .data               mc_w.l(stdout.o)
    0x2000005c        -       0x00000028   Zero   RW          216    .bss                can.o
    0x20000084        -       0x00000058   Zero   RW          258    .bss                spi.o
    0x200000dc        -       0x00000048   Zero   RW          300    .bss                usart.o
    0x20000124        -       0x00000050   Zero   RW         2700    .bss                ad_values.o
    0x20000174   0x08008050   0x00000004   PAD
    0x20000178        -       0x00000018   Zero   RW         2752    .bss                scale_app.o
    0x20000190        -       0x00000080   Zero   RW         2825    .bss                serial.o
    0x20000210        -       0x00000400   Zero   RW            1    STACK               startup_stm32f103xb.o


==============================================================================

Image component sizes


      Code (inc. data)   RO Data    RW Data    ZI Data      Debug   Object Name

      1090        428          0          0          0       5956   ad7195.o
       164         22          0          0          0       1839   ad_spi.o
        64         18          0         17         80       1555   ad_values.o
        48         10          0          8          0        857   button.o
       192         22          0          0         40       1587   can.o
        12          0          0          0          0        467   delay.o
       296         16          0          0          0        987   gpio.o
        28          8          0          1          0        605   led.o
       330         80          0          0          0     413116   main.o
      2450         54      14794          0          0      11709   oled.o
      1072        260         15         16          0       1763   oled_app.o
        44         14          0          0         24       1078   scale_app.o
         0          0          0         24          0        782   scale_info.o
       160         40          0          5        128       2246   serial.o
       208         22          0          0         88       1613   spi.o
        36          8        236          0       1024        796   startup_stm32f103xb.o
       192         36          0          9          0       5841   stm32f1xx_hal.o
       372          0          0          0          0       1363   stm32f1xx_hal_can.o
       304         22          0          0          0      29367   stm32f1xx_hal_cortex.o
       262          4          0          0          0       1735   stm32f1xx_hal_dma.o
       856         38          0          0          0       3882   stm32f1xx_hal_gpio.o
        84          8          0          0          0        882   stm32f1xx_hal_msp.o
      1752        102         18          0          0       5912   stm32f1xx_hal_rcc.o
      1504          6          0          0          0       5608   stm32f1xx_hal_spi.o
      2062          8          0          0          0      11876   stm32f1xx_hal_uart.o
        60          6          0          0          0       4779   stm32f1xx_it.o
         2          0         24          4          0       1095   system_stm32f1xx.o
       208         24          0          0         72       1638   usart.o

    ----------------------------------------------------------------------
     13872       1256      15120         88       1460     520934   Object Totals
         0          0         32          0          0          0   (incl. Generated)
        20          0          1          4          4          0   (incl. Padding)

    ----------------------------------------------------------------------

      Code (inc. data)   RO Data    RW Data    ZI Data      Debug   Library Member Name

         0          0          0          0          0          0   entry.o
         0          0          0          0          0          0   entry10a.o
         0          0          0          0          0          0   entry11a.o
         4          0          0          0          0          0   entry12b.o
         8          4          0          0          0          0   entry2.o
         4          0          0          0          0          0   entry5.o
         0          0          0          0          0          0   entry7b.o
         0          0          0          0          0          0   entry8b.o
         8          4          0          0          0          0   entry9a.o
        30          0          0          0          0          0   handlers.o
        36          8          0          0          0         68   init.o
         0          0          0          0          0          0   iusefp.o
        30          0          0          0          0         68   llshl.o
        36          0          0          0          0         68   llsshr.o
        32          0          0          0          0         68   llushr.o
        36          0          0          0          0        108   memseta.o
      2268         96          0          0          0        616   printfa.o
         0          0          0          4          0          0   stdout.o
        44          0          0          0          0         80   uidiv.o
        98          0          0          0          0         92   uldiv.o
        48          0          0          0          0         68   cdrcmple.o
        20          0          0          0          0         68   cfcmple.o
       334          0          0          0          0        148   dadd.o
       222          0          0          0          0        100   ddiv.o
       186          0          0          0          0        176   depilogue.o
        48          0          0          0          0         68   dfixul.o
       228          0          0          0          0         96   dmul.o
        38          0          0          0          0         68   f2d.o

    ----------------------------------------------------------------------
      3764        112          0          4          0       1960   Library Totals
         6          0          0          0          0          0   (incl. Padding)

    ----------------------------------------------------------------------

      Code (inc. data)   RO Data    RW Data    ZI Data      Debug   Library Name

      2634        112          0          4          0       1168   mc_w.l
      1124          0          0          0          0        792   mf_w.l

    ----------------------------------------------------------------------
      3764        112          0          4          0       1960   Library Totals

    ----------------------------------------------------------------------

==============================================================================


      Code (inc. data)   RO Data    RW Data    ZI Data      Debug   

     17636       1368      15120         92       1460     516806   Grand Totals
     17636       1368      15120         92       1460     516806   ELF Image Totals
     17636       1368      15120         92          0          0   ROM Totals

==============================================================================

    Total RO  Size (Code + RO Data)                32756 (  31.99kB)
    Total RW  Size (RW Data + ZI Data)              1552 (   1.52kB)
    Total ROM Size (Code + RO Data + RW Data)      32848 (  32.08kB)

==============================================================================

